Archive member included to satisfy reference by file (symbol)

c:/progra~2/armgnu~1/12977f~1.2mp/bin/../lib/gcc/arm-none-eabi/12.2.1/thumb/v6-m/nofp\libgcc.a(_dvmd_tls.o)
                              CMakeFiles/bar_tracker.dir/C_/pico-sdk/src/rp2_common/pico_divider/divider_hardware.S.obj (__aeabi_idiv0)
c:/progra~2/armgnu~1/12977f~1.2mp/bin/../lib/gcc/arm-none-eabi/12.2.1/thumb/v6-m/nofp\libg.a(libc_a-calloc.o)
                              CMakeFiles/bar_tracker.dir/C_/pico-sdk/src/rp2_common/pico_malloc/malloc.c.obj (calloc)
c:/progra~2/armgnu~1/12977f~1.2mp/bin/../lib/gcc/arm-none-eabi/12.2.1/thumb/v6-m/nofp\libg.a(libc_a-callocr.o)
                              c:/progra~2/armgnu~1/12977f~1.2mp/bin/../lib/gcc/arm-none-eabi/12.2.1/thumb/v6-m/nofp\libg.a(libc_a-calloc.o) (_calloc_r)
c:/progra~2/armgnu~1/12977f~1.2mp/bin/../lib/gcc/arm-none-eabi/12.2.1/thumb/v6-m/nofp\libg.a(libc_a-malloc.o)
                              CMakeFiles/bar_tracker.dir/C_/pico-sdk/src/rp2_common/pico_malloc/malloc.c.obj (malloc)
c:/progra~2/armgnu~1/12977f~1.2mp/bin/../lib/gcc/arm-none-eabi/12.2.1/thumb/v6-m/nofp\libg.a(libc_a-mallocr.o)
                              c:/progra~2/armgnu~1/12977f~1.2mp/bin/../lib/gcc/arm-none-eabi/12.2.1/thumb/v6-m/nofp\libg.a(libc_a-callocr.o) (_malloc_r)
c:/progra~2/armgnu~1/12977f~1.2mp/bin/../lib/gcc/arm-none-eabi/12.2.1/thumb/v6-m/nofp\libg.a(libc_a-mlock.o)
                              c:/progra~2/armgnu~1/12977f~1.2mp/bin/../lib/gcc/arm-none-eabi/12.2.1/thumb/v6-m/nofp\libg.a(libc_a-mallocr.o) (__malloc_lock)
c:/progra~2/armgnu~1/12977f~1.2mp/bin/../lib/gcc/arm-none-eabi/12.2.1/thumb/v6-m/nofp\libg.a(libc_a-realloc.o)
                              CMakeFiles/bar_tracker.dir/C_/pico-sdk/src/rp2_common/pico_malloc/malloc.c.obj (realloc)
c:/progra~2/armgnu~1/12977f~1.2mp/bin/../lib/gcc/arm-none-eabi/12.2.1/thumb/v6-m/nofp\libg.a(libc_a-reallocr.o)
                              c:/progra~2/armgnu~1/12977f~1.2mp/bin/../lib/gcc/arm-none-eabi/12.2.1/thumb/v6-m/nofp\libg.a(libc_a-realloc.o) (_realloc_r)
c:/progra~2/armgnu~1/12977f~1.2mp/bin/../lib/gcc/arm-none-eabi/12.2.1/thumb/v6-m/nofp\libg.a(libc_a-memcmp.o)
                              CMakeFiles/bar_tracker.dir/C_/pico-sdk/src/rp2_common/pico_atomic/atomic.c.obj (memcmp)
c:/progra~2/armgnu~1/12977f~1.2mp/bin/../lib/gcc/arm-none-eabi/12.2.1/thumb/v6-m/nofp\libg.a(libc_a-memmove.o)
                              CMakeFiles/bar_tracker.dir/C_/pico-sdk/lib/cyw43-driver/src/cyw43_ll.c.obj (memmove)
c:/progra~2/armgnu~1/12977f~1.2mp/bin/../lib/gcc/arm-none-eabi/12.2.1/thumb/v6-m/nofp\libg.a(libc_a-strncmp.o)
                              CMakeFiles/bar_tracker.dir/C_/pico-sdk/lib/cyw43-driver/src/cyw43_ll.c.obj (strncmp)
c:/progra~2/armgnu~1/12977f~1.2mp/bin/../lib/gcc/arm-none-eabi/12.2.1/thumb/v6-m/nofp\libg.a(libc_a-lcltime_r.o)
                              CMakeFiles/bar_tracker.dir/C_/pico-sdk/src/common/pico_util/datetime.c.obj (localtime_r)
c:/progra~2/armgnu~1/12977f~1.2mp/bin/../lib/gcc/arm-none-eabi/12.2.1/thumb/v6-m/nofp\libg.a(libc_a-mktime.o)
                              CMakeFiles/bar_tracker.dir/C_/pico-sdk/src/common/pico_util/datetime.c.obj (mktime)
c:/progra~2/armgnu~1/12977f~1.2mp/bin/../lib/gcc/arm-none-eabi/12.2.1/thumb/v6-m/nofp\libg.a(libc_a-month_lengths.o)
                              c:/progra~2/armgnu~1/12977f~1.2mp/bin/../lib/gcc/arm-none-eabi/12.2.1/thumb/v6-m/nofp\libg.a(libc_a-lcltime_r.o) (__month_lengths)
c:/progra~2/armgnu~1/12977f~1.2mp/bin/../lib/gcc/arm-none-eabi/12.2.1/thumb/v6-m/nofp\libg.a(libc_a-tzcalc_limits.o)
                              c:/progra~2/armgnu~1/12977f~1.2mp/bin/../lib/gcc/arm-none-eabi/12.2.1/thumb/v6-m/nofp\libg.a(libc_a-lcltime_r.o) (__tzcalc_limits)
c:/progra~2/armgnu~1/12977f~1.2mp/bin/../lib/gcc/arm-none-eabi/12.2.1/thumb/v6-m/nofp\libg.a(libc_a-tzlock.o)
                              c:/progra~2/armgnu~1/12977f~1.2mp/bin/../lib/gcc/arm-none-eabi/12.2.1/thumb/v6-m/nofp\libg.a(libc_a-lcltime_r.o) (__tz_lock)
c:/progra~2/armgnu~1/12977f~1.2mp/bin/../lib/gcc/arm-none-eabi/12.2.1/thumb/v6-m/nofp\libg.a(libc_a-tzset.o)
                              c:/progra~2/armgnu~1/12977f~1.2mp/bin/../lib/gcc/arm-none-eabi/12.2.1/thumb/v6-m/nofp\libg.a(libc_a-lcltime_r.o) (_tzset_unlocked)
c:/progra~2/armgnu~1/12977f~1.2mp/bin/../lib/gcc/arm-none-eabi/12.2.1/thumb/v6-m/nofp\libg.a(libc_a-tzset_r.o)
                              c:/progra~2/armgnu~1/12977f~1.2mp/bin/../lib/gcc/arm-none-eabi/12.2.1/thumb/v6-m/nofp\libg.a(libc_a-tzset.o) (_tzset_unlocked_r)
c:/progra~2/armgnu~1/12977f~1.2mp/bin/../lib/gcc/arm-none-eabi/12.2.1/thumb/v6-m/nofp\libg.a(libc_a-tzvars.o)
                              c:/progra~2/armgnu~1/12977f~1.2mp/bin/../lib/gcc/arm-none-eabi/12.2.1/thumb/v6-m/nofp\libg.a(libc_a-tzset_r.o) (_timezone)
c:/progra~2/armgnu~1/12977f~1.2mp/bin/../lib/gcc/arm-none-eabi/12.2.1/thumb/v6-m/nofp\libg.a(libc_a-impure.o)
[...]
Memory Configuration

Name             Origin             Length             Attributes
FLASH            0x10000000         0x00200000         xr
RAM              0x20000000         0x00040000         xrw
SCRATCH_X        0x20040000         0x00001000         xrw
SCRATCH_Y        0x20041000         0x00001000         xrw
*default*        0x00000000         0xffffffff

Linker script and memory map

LOAD c:/progra~2/armgnu~1/12977f~1.2mp/bin/../lib/gcc/arm-none-eabi/12.2.1/thumb/v6-m/nofp/crti.o
LOAD c:/progra~2/armgnu~1/12977f~1.2mp/bin/../lib/gcc/arm-none-eabi/12.2.1/thumb/v6-m/nofp/crtbegin.o
LOAD c:/progra~2/armgnu~1/12977f~1.2mp/bin/../lib/gcc/arm-none-eabi/12.2.1/thumb/v6-m/nofp/crt0.o

.flash_begin    0x10000000        0x0
                0x10000000                        __flash_binary_start = .

.boot2          0x10000000      0x100
                0x10000000                        __boot2_start__ = .
 *(.boot2)
 .boot2         0x10000000      0x100 pico-sdk/src/rp2040/boot_stage2/CMakeFiles/bs2_default_library.dir/./bs2_default_padded_checksummed.S.obj
                0x10000100                        __boot2_end__ = .
                0x00000001                        ASSERT (((__boot2_end__ - __boot2_start__) == 0x100), ERROR: Pico second stage bootloader must be 256 bytes in size)

.text           0x10000100    0x1f714
                0x10000100                        __logical_binary_start = .
 *(.vectors)
 .vectors       0x10000100       0xd4 CMakeFiles/bar_tracker.dir/C_/pico-sdk/src/rp2_common/pico_crt0/crt0.S.obj
                0x10000100                __VECTOR_TABLE
                0x10000100                __vectors
                0x100001c0                isr_irq13
                0x100001c0                isr_irq27
                0x100001c0                isr_irq31
                0x100001c0                isr_irq12
                0x100001c0                isr_irq5
                0x100001c0                isr_irq11
                0x100001c0                isr_irq3
                0x100001c0                isr_irq23
                0x100001c0                __unhandled_user_irq
                0x100001c0                isr_irq26
                0x100001c0                isr_irq28
                0x100001c0                isr_irq19
                0x100001c0                isr_irq0
                0x100001c0                isr_irq6
                0x100001c0                isr_irq29
                0x100001c0                isr_irq16
                0x100001c0                isr_irq22
                0x100001c0                isr_irq18
                0x100001c0                isr_irq17
                0x100001c0                isr_irq14
                0x100001c0                __vectors_end
                0x100001c0                __default_isrs_start
                0x100001c0                isr_irq2
                0x100001c0                isr_irq10
                0x100001c0                isr_irq8
                0x100001c0                isr_irq24
                0x100001c0                isr_irq1
                0x100001c0                isr_irq7
                0x100001c0                isr_irq21
                0x100001c0                isr_irq20
                0x100001c0                isr_irq15
                0x100001c0                isr_irq25
                0x100001c0                isr_irq4
                0x100001c0                isr_irq30
                0x100001c0                isr_irq9
                0x100001c6                unhandled_user_irq_num_in_r0
                0x100001c8                isr_invalid
                0x100001ca                isr_nmi
                0x100001cc                isr_hardfault
                0x100001ce                isr_svcall
                0x100001d0                isr_pendsv
                0x100001d2                isr_systick
                0x100001d4                __default_isrs_end
 *(.binary_info_header)
 .binary_info_header
                0x100001d4       0x14 CMakeFiles/bar_tracker.dir/C_/pico-sdk/src/rp2_common/pico_crt0/crt0.S.obj
                0x100001e8                        __binary_info_header_end = .
 *(.embedded_block)
                0x100001e8                        __embedded_block_end = .
 *(.reset)
 .reset         0x100001e8       0x9c CMakeFiles/bar_tracker.dir/C_/pico-sdk/src/rp2_common/pico_crt0/crt0.S.obj
                0x100001e8                _entry_point
 *(.init)
 .init          0x10000284        0x4 c:/progra~2/armgnu~1/12977f~1.2mp/bin/../lib/gcc/arm-none-eabi/12.2.1/thumb/v6-m/nofp/crti.o
                0x10000284                _init
 *(EXCLUDE_FILE(*libm.a: *libc.a:*lib_a-mem*.o *libgcc.a:) .text*)
 .text.register_tm_clones
                0x10000288       0x28 c:/progra~2/armgnu~1/12977f~1.2mp/bin/../lib/gcc/arm-none-eabi/12.2.1/thumb/v6-m/nofp/crtbegin.o
 .text.frame_dummy
                0x100002b0       0x24 c:/progra~2/armgnu~1/12977f~1.2mp/bin/../lib/gcc/arm-none-eabi/12.2.1/thumb/v6-m/nofp/crtbegin.o
 .text._ZL15sample_callbackP20btstack_timer_source
                0x100002d4      0x148 CMakeFiles/bar_tracker.dir/main.cpp.obj
 .text.startup.main
                0x1000041c       0x94 CMakeFiles/bar_tracker.dir/main.cpp.obj
                0x1000041c                main
 .text._ZN7MPU6050C2EP8i2c_inst
                0x100004b0        0x4 CMakeFiles/bar_tracker.dir/mpu6050.cpp.obj
                0x100004b0                MPU6050::MPU6050(i2c_inst*)
                0x100004b0                MPU6050::MPU6050(i2c_inst*)
 .text._ZN7MPU60504initEv
                0x100004b4       0x78 CMakeFiles/bar_tracker.dir/mpu6050.cpp.obj
                0x100004b4                MPU6050::init()
 .text._ZN7MPU60504readER9IMUSample
                0x1000052c       0x64 CMakeFiles/bar_tracker.dir/mpu6050.cpp.obj
                0x1000052c                MPU6050::read(IMUSample&)
 .text._ZL14packet_handlerhtPht
                0x10000590       0x3c CMakeFiles/bar_tracker.dir/ble_peripheral.cpp.obj
 .text._ZN13BLEPeripheral4initEPKc
                0x100005cc       0x5c CMakeFiles/bar_tracker.dir/ble_peripheral.cpp.obj
                0x100005cc                BLEPeripheral::init(char const*)
 .text._ZN13BLEPeripheral9connectedEv
                0x10000628       0x1c CMakeFiles/bar_tracker.dir/ble_peripheral.cpp.obj
                0x10000628                BLEPeripheral::connected()
 .text._ZN13BLEPeripheral4sendEPKhj
                0x10000644       0x2c CMakeFiles/bar_tracker.dir/ble_peripheral.cpp.obj
                0x10000644                BLEPeripheral::send(unsigned char const*, unsigned int)
 .text.gpio_set_function
                0x10000670       0x34 CMakeFiles/bar_tracker.dir/C_/pico-sdk/src/rp2_common/hardware_gpio/gpio.c.obj
                0x10000670                gpio_set_function
 .text.gpio_set_pulls
                0x100006a4       0x28 CMakeFiles/bar_tracker.dir/C_/pico-sdk/src/rp2_common/hardware_gpio/gpio.c.obj
                0x100006a4                gpio_set_pulls
 .text.gpio_set_input_hysteresis_enabled
                0x100006cc       0x28 CMakeFiles/bar_tracker.dir/C_/pico-sdk/src/rp2_common/hardware_gpio/gpio.c.obj
                0x100006cc                gpio_set_input_hysteresis_enabled
 .text.gpio_set_irq_enabled
                0x100006f4       0x58 CMakeFiles/bar_tracker.dir/C_/pico-sdk/src/rp2_common/hardware_gpio/gpio.c.obj
                0x100006f4                gpio_set_irq_enabled
 .text.gpio_add_raw_irq_handler_with_order_priority_masked
                0x1000074c       0x44 CMakeFiles/bar_tracker.dir/C_/pico-sdk/src/rp2_common/hardware_gpio/gpio.c.obj
                0x1000074c                gpio_add_raw_irq_handler_with_order_priority_masked
 .text.gpio_remove_raw_irq_handler_masked
                0x10000790       0x20 CMakeFiles/bar_tracker.dir/C_/pico-sdk/src/rp2_common/hardware_gpio/gpio.c.obj
                0x10000790                gpio_remove_raw_irq_handler_masked
 .text.gpio_init
                0x100007b0       0x40 CMakeFiles/bar_tracker.dir/C_/pico-sdk/src/rp2_common/hardware_gpio/gpio.c.obj
                0x100007b0                gpio_init
 .text.rp2040_chip_version
                0x100007f0        0xc CMakeFiles/bar_tracker.dir/C_/pico-sdk/src/rp2040/pico_platform/platform.c.obj
                0x100007f0                rp2040_chip_version
 .text.panic    0x100007fc       0x30 CMakeFiles/bar_tracker.dir/C_/pico-sdk/src/rp2_common/pico_platform_panic/panic.c.obj
                0x100007fc                panic
 .text.hw_claim_lock
                0x1000082c       0x18 CMakeFiles/bar_tracker.dir/C_/pico-sdk/src/common/hardware_claim/claim.c.obj
                0x1000082c                hw_claim_lock
 .text.hw_claim_unlock
                0x10000844       0x14 CMakeFiles/bar_tracker.dir/C_/pico-sdk/src/common/hardware_claim/claim.c.obj
                0x10000844                hw_claim_unlock
 .text.hw_claim_or_assert
                0x10000858       0x44 CMakeFiles/bar_tracker.dir/C_/pico-sdk/src/common/hardware_claim/claim.c.obj
                0x10000858                hw_claim_or_assert
 .text.hw_claim_unused_from_range
                0x1000089c       0x9c CMakeFiles/bar_tracker.dir/C_/pico-sdk/src/common/hardware_claim/claim.c.obj
                0x1000089c                hw_claim_unused_from_range
 .text.hw_claim_clear
                0x10000938       0x38 CMakeFiles/bar_tracker.dir/C_/pico-sdk/src/common/hardware_claim/claim.c.obj
                0x10000938                hw_claim_clear
 .text.next_striped_spin_lock_num
                0x10000970       0x18 CMakeFiles/bar_tracker.dir/C_/pico-sdk/src/rp2_common/hardware_sync/sync.c.obj
                0x10000970                next_striped_spin_lock_num
 .text.spin_lock_claim_unused
                0x10000988       0x24 CMakeFiles/bar_tracker.dir/C_/pico-sdk/src/rp2_common/hardware_sync/sync.c.obj
                0x10000988                spin_lock_claim_unused
 .text.spin_locks_reset
                0x100009ac       0x1c CMakeFiles/bar_tracker.dir/C_/pico-sdk/src/rp2_common/hardware_sync_spin_lock/sync_spin_lock.c.obj
                0x100009ac                spin_locks_reset
 .text.runtime_init_per_core_irq_priorities
                0x100009c8       0x24 CMakeFiles/bar_tracker.dir/C_/pico-sdk/src/rp2_common/hardware_irq/irq.c.obj
                0x100009c8                runtime_init_per_core_irq_priorities
 .text.irq_set_enabled
                0x100009ec       0x24 CMakeFiles/bar_tracker.dir/C_/pico-sdk/src/rp2_common/hardware_irq/irq.c.obj
                0x100009ec                irq_set_enabled
 .text.irq_is_enabled
                0x10000a10       0x18 CMakeFiles/bar_tracker.dir/C_/pico-sdk/src/rp2_common/hardware_irq/irq.c.obj
                0x10000a10                irq_is_enabled
 .text.irq_set_pending
                0x10000a28       0x10 CMakeFiles/bar_tracker.dir/C_/pico-sdk/src/rp2_common/hardware_irq/irq.c.obj
                0x10000a28                irq_set_pending
 .text.irq_has_shared_handler
                0x10000a38       0x24 CMakeFiles/bar_tracker.dir/C_/pico-sdk/src/rp2_common/hardware_irq/irq.c.obj
                0x10000a38                irq_has_shared_handler
 .text.irq_set_exclusive_handler
                0x10000a5c       0x54 CMakeFiles/bar_tracker.dir/C_/pico-sdk/src/rp2_common/hardware_irq/irq.c.obj
                0x10000a5c                irq_set_exclusive_handler
 .text.irq_add_shared_handler
                0x10000ab0      0x1e0 CMakeFiles/bar_tracker.dir/C_/pico-sdk/src/rp2_common/hardware_irq/irq.c.obj
                0x10000ab0                irq_add_shared_handler
 .text.irq_remove_handler
                0x10000c90      0x1d4 CMakeFiles/bar_tracker.dir/C_/pico-sdk/src/rp2_common/hardware_irq/irq.c.obj
                0x10000c90                irq_remove_handler
 .text.irq_set_priority
                0x10000e64       0x28 CMakeFiles/bar_tracker.dir/C_/pico-sdk/src/rp2_common/hardware_irq/irq.c.obj
                0x10000e64                irq_set_priority
 .text.irq_add_tail_to_free_list
                0x10000e8c       0xb4 CMakeFiles/bar_tracker.dir/C_/pico-sdk/src/rp2_common/hardware_irq/irq.c.obj
                0x10000e8c                irq_add_tail_to_free_list
 .text.user_irq_unclaim
                0x10000f40       0x14 CMakeFiles/bar_tracker.dir/C_/pico-sdk/src/rp2_common/hardware_irq/irq.c.obj
                0x10000f40                user_irq_unclaim
 .text.user_irq_claim_unused
                0x10000f54       0x2c CMakeFiles/bar_tracker.dir/C_/pico-sdk/src/rp2_common/hardware_irq/irq.c.obj
                0x10000f54                user_irq_claim_unused
 .text.sem_init
                0x10000f80       0x20 CMakeFiles/bar_tracker.dir/C_/pico-sdk/src/common/pico_sync/sem.c.obj
                0x10000f80                sem_init
 .text.lock_init
                0x10000fa0       0x10 CMakeFiles/bar_tracker.dir/C_/pico-sdk/src/common/pico_sync/lock_core.c.obj
                0x10000fa0                lock_init
 .text.runtime_init_mutex
                0x10000fb0       0x60 CMakeFiles/bar_tracker.dir/C_/pico-sdk/src/common/pico_sync/mutex.c.obj
                0x10000fb0                runtime_init_mutex
 .text.mutex_init
                0x10001010       0x1c CMakeFiles/bar_tracker.dir/C_/pico-sdk/src/common/pico_sync/mutex.c.obj
                0x10001010                mutex_init
 .text.recursive_mutex_init
                0x1000102c       0x1c CMakeFiles/bar_tracker.dir/C_/pico-sdk/src/common/pico_sync/mutex.c.obj
                0x1000102c                recursive_mutex_init
 .text.critical_section_init
                0x10001048       0x1c CMakeFiles/bar_tracker.dir/C_/pico-sdk/src/common/pico_sync/critical_section.c.obj
                0x10001048                critical_section_init
 .text.critical_section_init_with_lock_num
                0x10001064       0x14 CMakeFiles/bar_tracker.dir/C_/pico-sdk/src/common/pico_sync/critical_section.c.obj
                0x10001064                critical_section_init_with_lock_num
 .text.sleep_until_callback
                0x10001078       0x30 CMakeFiles/bar_tracker.dir/C_/pico-sdk/src/common/pico_time/time.c.obj
 .text.alarm_pool_irq_handler
                0x100010a8      0x2fc CMakeFiles/bar_tracker.dir/C_/pico-sdk/src/common/pico_time/time.c.obj
 .text.runtime_init_default_alarm_pool
                0x100013a4       0xdc CMakeFiles/bar_tracker.dir/C_/pico-sdk/src/common/pico_time/time.c.obj
                0x100013a4                runtime_init_default_alarm_pool
 .text.alarm_pool_get_default
                0x10001480        0x8 CMakeFiles/bar_tracker.dir/C_/pico-sdk/src/common/pico_time/time.c.obj
                0x10001480                alarm_pool_get_default
 .text.alarm_pool_add_alarm_at
                0x10001488       0xd4 CMakeFiles/bar_tracker.dir/C_/pico-sdk/src/common/pico_time/time.c.obj
                0x10001488                alarm_pool_add_alarm_at
 .text.alarm_pool_add_alarm_at_force_in_context
                0x1000155c       0xb0 CMakeFiles/bar_tracker.dir/C_/pico-sdk/src/common/pico_time/time.c.obj
                0x1000155c                alarm_pool_add_alarm_at_force_in_context
 .text.alarm_pool_cancel_alarm
                0x1000160c       0x74 CMakeFiles/bar_tracker.dir/C_/pico-sdk/src/common/pico_time/time.c.obj
                0x1000160c                alarm_pool_cancel_alarm
 .text.alarm_pool_core_num
                0x10001680        0x4 CMakeFiles/bar_tracker.dir/C_/pico-sdk/src/common/pico_time/time.c.obj
                0x10001680                alarm_pool_core_num
 .text.sleep_until
                0x10001684       0xd8 CMakeFiles/bar_tracker.dir/C_/pico-sdk/src/common/pico_time/time.c.obj
                0x10001684                sleep_until
 .text.best_effort_wfe_or_timeout
                0x1000175c       0xf8 CMakeFiles/bar_tracker.dir/C_/pico-sdk/src/common/pico_time/time.c.obj
                0x1000175c                best_effort_wfe_or_timeout
 .text.timer_hardware_alarm_claim
                0x10001854       0x14 CMakeFiles/bar_tracker.dir/C_/pico-sdk/src/rp2_common/hardware_timer/timer.c.obj
                0x10001854                timer_hardware_alarm_claim
 .text.timer_time_us_64
                0x10001868       0x10 CMakeFiles/bar_tracker.dir/C_/pico-sdk/src/rp2_common/hardware_timer/timer.c.obj
                0x10001868                timer_time_us_64
 .text.time_us_64
                0x10001878       0x14 CMakeFiles/bar_tracker.dir/C_/pico-sdk/src/rp2_common/hardware_timer/timer.c.obj
                0x10001878                time_us_64
 .text.busy_wait_until
                0x1000188c       0x20 CMakeFiles/bar_tracker.dir/C_/pico-sdk/src/rp2_common/hardware_timer/timer.c.obj
                0x1000188c                busy_wait_until
 .text.clock_configure_int_divider
                0x100018ac       0xf0 CMakeFiles/bar_tracker.dir/C_/pico-sdk/src/rp2_common/hardware_clocks/clocks.c.obj
                0x100018ac                clock_configure_int_divider
 .text.clock_configure_undivided
                0x1000199c       0xe4 CMakeFiles/bar_tracker.dir/C_/pico-sdk/src/rp2_common/hardware_clocks/clocks.c.obj
                0x1000199c                clock_configure_undivided
 .text.clock_get_hz
                0x10001a80        0xc CMakeFiles/bar_tracker.dir/C_/pico-sdk/src/rp2_common/hardware_clocks/clocks.c.obj
                0x10001a80                clock_get_hz
 .text.pll_init
                0x10001a8c       0xa0 CMakeFiles/bar_tracker.dir/C_/pico-sdk/src/rp2_common/hardware_pll/pll.c.obj
                0x10001a8c                pll_init
 .text.watchdog_reboot
                0x10001b2c       0x9c CMakeFiles/bar_tracker.dir/C_/pico-sdk/src/rp2_common/hardware_watchdog/watchdog.c.obj
                0x10001b2c                watchdog_reboot
 .text.tick_start
                0x10001bc8       0x10 CMakeFiles/bar_tracker.dir/C_/pico-sdk/src/rp2_common/hardware_ticks/ticks.c.obj
                0x10001bc8                tick_start
 .text.rom_func_lookup
                0x10001bd8       0x10 CMakeFiles/bar_tracker.dir/C_/pico-sdk/src/rp2_common/pico_bootrom/bootrom.c.obj
                0x10001bd8                rom_func_lookup
 .text.rom_data_lookup
                0x10001be8       0x10 CMakeFiles/bar_tracker.dir/C_/pico-sdk/src/rp2_common/pico_bootrom/bootrom.c.obj
                0x10001be8                rom_data_lookup
 .text.rom_funcs_lookup
                0x10001bf8       0x44 CMakeFiles/bar_tracker.dir/C_/pico-sdk/src/rp2_common/pico_bootrom/bootrom.c.obj
                0x10001bf8                rom_funcs_lookup
 .text.rom_reset_usb_boot_extra
                0x10001c3c       0x28 CMakeFiles/bar_tracker.dir/C_/pico-sdk/src/rp2_common/pico_bootrom/bootrom.c.obj
                0x10001c3c                rom_reset_usb_boot_extra
 .text.default_core_init_deinit
                0x10001c64        0x4 CMakeFiles/bar_tracker.dir/C_/pico-sdk/src/rp2_common/pico_flash/flash.c.obj
 .text.default_enter_safe_zone_timeout_ms
                0x10001c68       0x1c CMakeFiles/bar_tracker.dir/C_/pico-sdk/src/rp2_common/pico_flash/flash.c.obj
 .text.default_exit_safe_zone_timeout_ms
                0x10001c84       0x18 CMakeFiles/bar_tracker.dir/C_/pico-sdk/src/rp2_common/pico_flash/flash.c.obj
 .text.get_flash_safety_helper
                0x10001c9c        0x8 CMakeFiles/bar_tracker.dir/C_/pico-sdk/src/rp2_common/pico_flash/flash.c.obj
                0x10001c9c                get_flash_safety_helper
 .text.flash_safe_execute
                0x10001ca4       0x2c CMakeFiles/bar_tracker.dir/C_/pico-sdk/src/rp2_common/pico_flash/flash.c.obj
                0x10001ca4                flash_safe_execute
 .text.xosc_init
                0x10001cd0       0x28 CMakeFiles/bar_tracker.dir/C_/pico-sdk/src/rp2_common/hardware_xosc/xosc.c.obj
                0x10001cd0                xosc_init
 .text.first_per_core_initializer
                0x10001cf8        0x4 CMakeFiles/bar_tracker.dir/C_/pico-sdk/src/rp2_common/pico_runtime/runtime.c.obj
 .text.hard_assertion_failure
                0x10001cfc        0xc CMakeFiles/bar_tracker.dir/C_/pico-sdk/src/rp2_common/pico_runtime/runtime.c.obj
                0x10001cfc                hard_assertion_failure
 .text.runtime_run_initializers
                0x10001d08       0x28 CMakeFiles/bar_tracker.dir/C_/pico-sdk/src/rp2_common/pico_runtime/runtime.c.obj
                0x10001d08                runtime_run_initializers
 .text.runtime_init_early_resets
                0x10001d30       0x2c CMakeFiles/bar_tracker.dir/C_/pico-sdk/src/rp2_common/pico_runtime_init/runtime_init.c.obj
                0x10001d30                runtime_init_early_resets
 .text.runtime_init_usb_power_down
                0x10001d5c       0x1c CMakeFiles/bar_tracker.dir/C_/pico-sdk/src/rp2_common/pico_runtime_init/runtime_init.c.obj
                0x10001d5c                runtime_init_usb_power_down
 .text.runtime_init_post_clock_resets
                0x10001d78       0x20 CMakeFiles/bar_tracker.dir/C_/pico-sdk/src/rp2_common/pico_runtime_init/runtime_init.c.obj
                0x10001d78                runtime_init_post_clock_resets
 .text.runtime_init_rp2040_gpio_ie_disable
                0x10001d98       0x14 CMakeFiles/bar_tracker.dir/C_/pico-sdk/src/rp2_common/pico_runtime_init/runtime_init.c.obj
                0x10001d98                runtime_init_rp2040_gpio_ie_disable
 .text.runtime_init_spin_locks_reset
                0x10001dac        0x8 CMakeFiles/bar_tracker.dir/C_/pico-sdk/src/rp2_common/pico_runtime_init/runtime_init.c.obj
                0x10001dac                runtime_init_spin_locks_reset
 .text.runtime_init_install_ram_vector_table
                0x10001db4       0xc4 CMakeFiles/bar_tracker.dir/C_/pico-sdk/src/rp2_common/pico_runtime_init/runtime_init.c.obj
                0x10001db4                runtime_init_install_ram_vector_table
 .text.runtime_init_clocks
                0x10001e78       0xd8 CMakeFiles/bar_tracker.dir/C_/pico-sdk/src/rp2_common/pico_runtime_init/runtime_init_clocks.c.obj
                0x10001e78                runtime_init_clocks
 .text          0x10001f50       0x10 CMakeFiles/bar_tracker.dir/C_/pico-sdk/src/rp2_common/pico_bit_ops/bit_ops_aeabi.S.obj
 .text.ctzsi    0x10001f60        0xc CMakeFiles/bar_tracker.dir/C_/pico-sdk/src/rp2_common/pico_bit_ops/bit_ops_aeabi.S.obj
                0x10001f60                __wrap___ctzsi2
 .text.__wrap___aeabi_idiv
                0x10001f6c       0x50 CMakeFiles/bar_tracker.dir/C_/pico-sdk/src/rp2_common/pico_divider/divider_hardware.S.obj
                0x10001f6c                __wrap___aeabi_idivmod
                0x10001f6c                divmod_s32s32
                0x10001f6c                div_s32s32
                0x10001f6c                __wrap___aeabi_idiv
                0x10001f74                divmod_s32s32_unsafe
                0x10001fa0                divmod_s32s32_savestate
 .text.__wrap___aeabi_uidiv
                0x10001fbc       0x4c CMakeFiles/bar_tracker.dir/C_/pico-sdk/src/rp2_common/pico_divider/divider_hardware.S.obj
                0x10001fbc                __wrap___aeabi_uidiv
                0x10001fbc                __wrap___aeabi_uidivmod
                0x10001fbc                div_u32u32
                0x10001fbc                divmod_u32u32
                0x10001fc4                divmod_u32u32_unsafe
                0x10001fec                divmod_u32u32_savestate
 .text.__wrap___aeabi_ldiv
                0x10002008      0x424 CMakeFiles/bar_tracker.dir/C_/pico-sdk/src/rp2_common/pico_divider/divider_hardware.S.obj
                0x10002008                div_s64s64
                0x10002008                divmod_s64s64
                0x10002008                __wrap___aeabi_ldivmod
                0x10002038                divmod_u64u64
                0x10002038                div_u64u64
                0x10002038                __wrap___aeabi_uldivmod
                0x10002048                divmod_u64u64_savestate
                0x10002068                divmod_s64s64_unsafe
                0x100020f0                divmod_u64u64_unsafe
 .text.__wrap___aeabi_darithmetic
                0x1000242c       0x60 CMakeFiles/bar_tracker.dir/C_/pico-sdk/src/rp2_common/pico_double/double_aeabi_rp2040.S.obj
                0x1000242c                __wrap___aeabi_drsub
                0x10002432                __wrap___aeabi_dsub
                0x1000243c                __wrap___aeabi_dadd
                0x10002446                __wrap___aeabi_ddiv
                0x1000247a                __wrap___aeabi_dmul
 .text.__wrap___aeabi_cdcmple
                0x1000248c       0x6c CMakeFiles/bar_tracker.dir/C_/pico-sdk/src/rp2_common/pico_double/double_aeabi_rp2040.S.obj
                0x1000248c                __wrap___aeabi_cdrcmple
                0x1000249c                __wrap___aeabi_cdcmpeq
                0x1000249c                __wrap___aeabi_cdcmple
 .text.__wrap___aeabi_dcmplt
                0x100024f8        0xc CMakeFiles/bar_tracker.dir/C_/pico-sdk/src/rp2_common/pico_double/double_aeabi_rp2040.S.obj
                0x100024f8                __wrap___aeabi_dcmplt
 .text.__wrap___aeabi_dcmpge
                0x10002504       0x10 CMakeFiles/bar_tracker.dir/C_/pico-sdk/src/rp2_common/pico_double/double_aeabi_rp2040.S.obj
                0x10002504                __wrap___aeabi_dcmpge
 .text.__wrap___aeabi_dcmpgt
                0x10002514        0xa CMakeFiles/bar_tracker.dir/C_/pico-sdk/src/rp2_common/pico_double/double_aeabi_rp2040.S.obj
                0x10002514                __wrap___aeabi_dcmpgt
 .text.__wrap___aeabi_dcmpun
                0x1000251e       0x18 CMakeFiles/bar_tracker.dir/C_/pico-sdk/src/rp2_common/pico_double/double_aeabi_rp2040.S.obj
                0x1000251e                __wrap___aeabi_dcmpun
 *fill*         0x10002536        0x2 
 .text.__wrap___aeabi_i2d
                0x10002538       0x38 CMakeFiles/bar_tracker.dir/C_/pico-sdk/src/rp2_common/pico_double/double_aeabi_rp2040.S.obj
                0x10002538                uint2double
                0x10002538                __wrap___aeabi_ui2d
                0x10002540                int2double
                0x10002540                __wrap___aeabi_i2d
 .text.__wrap___aeabi_d2iz
                0x10002570       0x48 CMakeFiles/bar_tracker.dir/C_/pico-sdk/src/rp2_common/pico_double/double_aeabi_rp2040.S.obj
                0x10002570                double2int_z
                0x10002570                __wrap___aeabi_d2iz
 .text.__wrap___aeabi_d2uiz
                0x100025b8       0x10 CMakeFiles/bar_tracker.dir/C_/pico-sdk/src/rp2_common/pico_double/double_aeabi_rp2040.S.obj
                0x100025b8                double2uint
                0x100025b8                __wrap___aeabi_d2uiz
                0x100025b8                double2uint_z
 .text.missing_double_func_shim
                0x100025c8        0xc CMakeFiles/bar_tracker.dir/C_/pico-sdk/src/rp2_common/pico_double/double_init_rom_rp2040.c.obj
 .text.__aeabi_double_init
                0x100025d4       0xa0 CMakeFiles/bar_tracker.dir/C_/pico-sdk/src/rp2_common/pico_double/double_init_rom_rp2040.c.obj
                0x100025d4                __aeabi_double_init
 .text.double_table_shim_on_use_helper
                0x10002674       0x2c CMakeFiles/bar_tracker.dir/C_/pico-sdk/src/rp2_common/pico_double/double_v1_rom_shim_rp2040.S.obj
                0x10002674                double_table_shim_on_use_helper
 .text.__aeabi_lmul
                0x100026a0       0x32 CMakeFiles/bar_tracker.dir/C_/pico-sdk/src/rp2_common/pico_int64_ops/pico_int64_ops_aeabi.S.obj
                0x100026a0                __wrap___aeabi_lmul
 *fill*         0x100026d2        0x2 
 .text.missing_float_func_shim
                0x100026d4        0xc CMakeFiles/bar_tracker.dir/C_/pico-sdk/src/rp2_common/pico_float/float_init_rom_rp2040.c.obj
 .text.__aeabi_float_init
                0x100026e0       0x5c CMakeFiles/bar_tracker.dir/C_/pico-sdk/src/rp2_common/pico_float/float_init_rom_rp2040.c.obj
                0x100026e0                __aeabi_float_init
 .text.__wrap_malloc
                0x1000273c       0x24 CMakeFiles/bar_tracker.dir/C_/pico-sdk/src/rp2_common/pico_malloc/malloc.c.obj
                0x1000273c                __wrap_malloc
 .text.__wrap_free
                0x10002760        0x8 CMakeFiles/bar_tracker.dir/C_/pico-sdk/src/rp2_common/pico_malloc/malloc.c.obj
                0x10002760                __wrap_free
 .text          0x10002768       0x10 CMakeFiles/bar_tracker.dir/C_/pico-sdk/src/rp2_common/pico_mem_ops/mem_ops_aeabi.S.obj
                0x10002768                __aeabi_mem_init
 .text.memset   0x10002778        0xc CMakeFiles/bar_tracker.dir/C_/pico-sdk/src/rp2_common/pico_mem_ops/mem_ops_aeabi.S.obj
                0x10002778                __wrap_memset
 .text.memcpy   0x10002784        0xc CMakeFiles/bar_tracker.dir/C_/pico-sdk/src/rp2_common/pico_mem_ops/mem_ops_aeabi.S.obj
                0x10002784                __wrap_memcpy
                0x10002784                __wrap___aeabi_memcpy
 .text._out_null
                0x10002790        0x4 CMakeFiles/bar_tracker.dir/C_/pico-sdk/src/rp2_common/pico_printf/printf.c.obj
 .text._out_rev
                0x10002794       0x90 CMakeFiles/bar_tracker.dir/C_/pico-sdk/src/rp2_common/pico_printf/printf.c.obj
 .text._ntoa_format
                0x10002824      0x208 CMakeFiles/bar_tracker.dir/C_/pico-sdk/src/rp2_common/pico_printf/printf.c.obj
 .text._out_char
                0x10002a2c       0x10 CMakeFiles/bar_tracker.dir/C_/pico-sdk/src/rp2_common/pico_printf/printf.c.obj
 .text._out_fct
                0x10002a3c       0x10 CMakeFiles/bar_tracker.dir/C_/pico-sdk/src/rp2_common/pico_printf/printf.c.obj
 .text._etoa    0x10002a4c      0x464 CMakeFiles/bar_tracker.dir/C_/pico-sdk/src/rp2_common/pico_printf/printf.c.obj
 .text._ftoa    0x10002eb0      0x3c4 CMakeFiles/bar_tracker.dir/C_/pico-sdk/src/rp2_common/pico_printf/printf.c.obj
 .text._vsnprintf
                0x10003274      0xc18 CMakeFiles/bar_tracker.dir/C_/pico-sdk/src/rp2_common/pico_printf/printf.c.obj
 .text.vfctprintf
                0x10003e8c       0x20 CMakeFiles/bar_tracker.dir/C_/pico-sdk/src/rp2_common/pico_printf/printf.c.obj
                0x10003e8c                vfctprintf
 .text.weak_raw_vprintf
                0x10003eac       0x30 CMakeFiles/bar_tracker.dir/C_/pico-sdk/src/rp2_common/pico_printf/printf.c.obj
                0x10003eac                weak_raw_vprintf
 .text._exit    0x10003edc        0x4 CMakeFiles/bar_tracker.dir/C_/pico-sdk/src/rp2_common/pico_clib_interface/newlib_interface.c.obj
                0x10003edc                _exit
 .text._sbrk    0x10003ee0       0x34 CMakeFiles/bar_tracker.dir/C_/pico-sdk/src/rp2_common/pico_clib_interface/newlib_interface.c.obj
                0x10003ee0                _sbrk
 .text.exit     0x10003f14        0x8 CMakeFiles/bar_tracker.dir/C_/pico-sdk/src/rp2_common/pico_clib_interface/newlib_interface.c.obj
                0x10003f14                exit
 .text.runtime_init
                0x10003f1c       0x2c CMakeFiles/bar_tracker.dir/C_/pico-sdk/src/rp2_common/pico_clib_interface/newlib_interface.c.obj
                0x10003f1c                runtime_init
 .text.stdio_out_chars_no_crlf
                0x10003f48       0x10 CMakeFiles/bar_tracker.dir/C_/pico-sdk/src/rp2_common/pico_stdio/stdio.c.obj
 .text.stdio_out_chars_crlf
                0x10003f58       0x94 CMakeFiles/bar_tracker.dir/C_/pico-sdk/src/rp2_common/pico_stdio/stdio.c.obj
 .text.stdio_buffered_printer
                0x10003fec       0x64 CMakeFiles/bar_tracker.dir/C_/pico-sdk/src/rp2_common/pico_stdio/stdio.c.obj
 .text.stdio_put_string
                0x10004050      0x100 CMakeFiles/bar_tracker.dir/C_/pico-sdk/src/rp2_common/pico_stdio/stdio.c.obj
                0x10004050                stdio_put_string
 .text.stdio_set_driver_enabled
                0x10004150       0x30 CMakeFiles/bar_tracker.dir/C_/pico-sdk/src/rp2_common/pico_stdio/stdio.c.obj
                0x10004150                stdio_set_driver_enabled
 .text.stdio_init_all
                0x10004180        0x8 CMakeFiles/bar_tracker.dir/C_/pico-sdk/src/rp2_common/pico_stdio/stdio.c.obj
                0x10004180                stdio_init_all
 .text.__wrap_putchar
                0x10004188       0x98 CMakeFiles/bar_tracker.dir/C_/pico-sdk/src/rp2_common/pico_stdio/stdio.c.obj
                0x10004188                __wrap_putchar
                0x10004188                stdio_putchar
 .text.__wrap_puts
                0x10004220       0x3c CMakeFiles/bar_tracker.dir/C_/pico-sdk/src/rp2_common/pico_stdio/stdio.c.obj
                0x10004220                stdio_puts
                0x10004220                __wrap_puts
 .text.__wrap_vprintf
                0x1000425c       0xd4 CMakeFiles/bar_tracker.dir/C_/pico-sdk/src/rp2_common/pico_stdio/stdio.c.obj
                0x1000425c                stdio_vprintf
                0x1000425c                __wrap_vprintf
 .text.__wrap_printf
                0x10004330       0x18 CMakeFiles/bar_tracker.dir/C_/pico-sdk/src/rp2_common/pico_stdio/stdio.c.obj
                0x10004330                __wrap_printf
                0x10004330                stdio_printf
 .text.resetd_init
                0x10004348        0x4 CMakeFiles/bar_tracker.dir/C_/pico-sdk/src/rp2_common/pico_stdio_usb/reset_interface.c.obj
 .text.resetd_reset
                0x1000434c        0xc CMakeFiles/bar_tracker.dir/C_/pico-sdk/src/rp2_common/pico_stdio_usb/reset_interface.c.obj
 .text.resetd_open
                0x10004358       0x28 CMakeFiles/bar_tracker.dir/C_/pico-sdk/src/rp2_common/pico_stdio_usb/reset_interface.c.obj
 .text.resetd_xfer_cb
                0x10004380        0x4 CMakeFiles/bar_tracker.dir/C_/pico-sdk/src/rp2_common/pico_stdio_usb/reset_interface.c.obj
 .text.resetd_control_xfer_cb
                0x10004384       0x5c CMakeFiles/bar_tracker.dir/C_/pico-sdk/src/rp2_common/pico_stdio_usb/reset_interface.c.obj
 .text.tud_descriptor_bos_cb
                0x100043e0        0x8 CMakeFiles/bar_tracker.dir/C_/pico-sdk/src/rp2_common/pico_stdio_usb/reset_interface.c.obj
                0x100043e0                tud_descriptor_bos_cb
 .text.tud_vendor_control_xfer_cb
                0x100043e8       0x34 CMakeFiles/bar_tracker.dir/C_/pico-sdk/src/rp2_common/pico_stdio_usb/reset_interface.c.obj
                0x100043e8                tud_vendor_control_xfer_cb
 .text.usbd_app_driver_get_cb
                0x1000441c        0xc CMakeFiles/bar_tracker.dir/C_/pico-sdk/src/rp2_common/pico_stdio_usb/reset_interface.c.obj
                0x1000441c                usbd_app_driver_get_cb
 .text.tud_cdc_line_coding_cb
                0x10004428       0x2c CMakeFiles/bar_tracker.dir/C_/pico-sdk/src/rp2_common/pico_stdio_usb/reset_interface.c.obj
                0x10004428                tud_cdc_line_coding_cb
 .text.stdio_usb_set_chars_available_callback
                0x10004454       0x14 CMakeFiles/bar_tracker.dir/C_/pico-sdk/src/rp2_common/pico_stdio_usb/stdio_usb.c.obj
                0x10004454                stdio_usb_set_chars_available_callback
 .text.usb_irq  0x10004468       0x10 CMakeFiles/bar_tracker.dir/C_/pico-sdk/src/rp2_common/pico_stdio_usb/stdio_usb.c.obj
 .text.timer_task
                0x10004478       0x64 CMakeFiles/bar_tracker.dir/C_/pico-sdk/src/rp2_common/pico_stdio_usb/stdio_usb.c.obj
 .text.stdio_usb_in_chars
                0x100044dc       0x90 CMakeFiles/bar_tracker.dir/C_/pico-sdk/src/rp2_common/pico_stdio_usb/stdio_usb.c.obj
                0x100044dc                stdio_usb_in_chars
 .text.stdio_usb_out_flush
                0x1000456c       0x50 CMakeFiles/bar_tracker.dir/C_/pico-sdk/src/rp2_common/pico_stdio_usb/stdio_usb.c.obj
 .text.stdio_usb_out_chars
                0x100045bc      0x104 CMakeFiles/bar_tracker.dir/C_/pico-sdk/src/rp2_common/pico_stdio_usb/stdio_usb.c.obj
 .text.low_priority_worker_irq
                0x100046c0       0xcc CMakeFiles/bar_tracker.dir/C_/pico-sdk/src/rp2_common/pico_stdio_usb/stdio_usb.c.obj
 .text.stdio_usb_init
                0x1000478c       0xec CMakeFiles/bar_tracker.dir/C_/pico-sdk/src/rp2_common/pico_stdio_usb/stdio_usb.c.obj
                0x1000478c                stdio_usb_init
 .text.tud_descriptor_device_cb
                0x10004878        0x8 CMakeFiles/bar_tracker.dir/C_/pico-sdk/src/rp2_common/pico_stdio_usb/stdio_usb_descriptors.c.obj
                0x10004878                tud_descriptor_device_cb
 .text.tud_descriptor_configuration_cb
                0x10004880        0x8 CMakeFiles/bar_tracker.dir/C_/pico-sdk/src/rp2_common/pico_stdio_usb/stdio_usb_descriptors.c.obj
                0x10004880                tud_descriptor_configuration_cb
 .text.tud_descriptor_string_cb
                0x10004888       0x78 CMakeFiles/bar_tracker.dir/C_/pico-sdk/src/rp2_common/pico_stdio_usb/stdio_usb_descriptors.c.obj
                0x10004888                tud_descriptor_string_cb
 .text.startup._retrieve_unique_id_on_boot
                0x10004900       0x10 CMakeFiles/bar_tracker.dir/C_/pico-sdk/src/rp2_common/pico_unique_id/unique_id.c.obj
 .text.pico_get_unique_board_id
                0x10004910       0x10 CMakeFiles/bar_tracker.dir/C_/pico-sdk/src/rp2_common/pico_unique_id/unique_id.c.obj
                0x10004910                pico_get_unique_board_id
 .text.pico_get_unique_board_id_string
                0x10004920      0x1a8 CMakeFiles/bar_tracker.dir/C_/pico-sdk/src/rp2_common/pico_unique_id/unique_id.c.obj
                0x10004920                pico_get_unique_board_id_string
 .text.flash_get_unique_id
                0x10004ac8       0x40 CMakeFiles/bar_tracker.dir/C_/pico-sdk/src/rp2_common/hardware_flash/flash.c.obj
                0x10004ac8                flash_get_unique_id
 .text.dcd_init
                0x10004b08       0x90 CMakeFiles/bar_tracker.dir/C_/pico-sdk/lib/tinyusb/src/portable/raspberrypi/rp2040/dcd_rp2040.c.obj
                0x10004b08                dcd_init
 .text.dcd_int_enable
                0x10004b98        0xc CMakeFiles/bar_tracker.dir/C_/pico-sdk/lib/tinyusb/src/portable/raspberrypi/rp2040/dcd_rp2040.c.obj
                0x10004b98                dcd_int_enable
 .text.dcd_set_address
                0x10004ba4       0x14 CMakeFiles/bar_tracker.dir/C_/pico-sdk/lib/tinyusb/src/portable/raspberrypi/rp2040/dcd_rp2040.c.obj
                0x10004ba4                dcd_set_address
 .text.dcd_sof_enable
                0x10004bb8       0x1c CMakeFiles/bar_tracker.dir/C_/pico-sdk/lib/tinyusb/src/portable/raspberrypi/rp2040/dcd_rp2040.c.obj
                0x10004bb8                dcd_sof_enable
 .text.dcd_edpt0_status_complete
                0x10004bd4       0x1c CMakeFiles/bar_tracker.dir/C_/pico-sdk/lib/tinyusb/src/portable/raspberrypi/rp2040/dcd_rp2040.c.obj
                0x10004bd4                dcd_edpt0_status_complete
 .text.dcd_edpt_open
                0x10004bf0      0x114 CMakeFiles/bar_tracker.dir/C_/pico-sdk/lib/tinyusb/src/portable/raspberrypi/rp2040/dcd_rp2040.c.obj
                0x10004bf0                dcd_edpt_open
 .text.dcd_edpt_close_all
                0x10004d04        0x8 CMakeFiles/bar_tracker.dir/C_/pico-sdk/lib/tinyusb/src/portable/raspberrypi/rp2040/dcd_rp2040.c.obj
                0x10004d04                dcd_edpt_close_all
 .text.dcd_edpt_xfer
                0x10004d0c       0x24 CMakeFiles/bar_tracker.dir/C_/pico-sdk/lib/tinyusb/src/portable/raspberrypi/rp2040/dcd_rp2040.c.obj
                0x10004d0c                dcd_edpt_xfer
 .text.dcd_edpt_stall
                0x10004d30       0x34 CMakeFiles/bar_tracker.dir/C_/pico-sdk/lib/tinyusb/src/portable/raspberrypi/rp2040/dcd_rp2040.c.obj
                0x10004d30                dcd_edpt_stall
 .text.dcd_edpt_clear_stall
                0x10004d64       0x30 CMakeFiles/bar_tracker.dir/C_/pico-sdk/lib/tinyusb/src/portable/raspberrypi/rp2040/dcd_rp2040.c.obj
                0x10004d64                dcd_edpt_clear_stall
 .text.rp2040_usb_init
                0x10004d94       0x40 CMakeFiles/bar_tracker.dir/C_/pico-sdk/lib/tinyusb/src/portable/raspberrypi/rp2040/rp2040_usb.c.obj
                0x10004d94                rp2040_usb_init
 .text.hw_endpoint_xfer_start
                0x10004dd4       0x40 CMakeFiles/bar_tracker.dir/C_/pico-sdk/lib/tinyusb/src/portable/raspberrypi/rp2040/rp2040_usb.c.obj
                0x10004dd4                hw_endpoint_xfer_start
 .text.tud_event_hook_cb
                0x10004e14        0x4 CMakeFiles/bar_tracker.dir/C_/pico-sdk/lib/tinyusb/src/device/usbd.c.obj
                0x10004e14                tud_event_hook_cb
 .text.tud_sof_cb
                0x10004e18        0x4 CMakeFiles/bar_tracker.dir/C_/pico-sdk/lib/tinyusb/src/device/usbd.c.obj
                0x10004e18                tud_sof_cb
 .text.tud_descriptor_device_qualifier_cb
                0x10004e1c        0x4 CMakeFiles/bar_tracker.dir/C_/pico-sdk/lib/tinyusb/src/device/usbd.c.obj
                0x10004e1c                tud_descriptor_device_qualifier_cb
 .text.tud_descriptor_other_speed_configuration_cb
                0x10004e20        0x4 CMakeFiles/bar_tracker.dir/C_/pico-sdk/lib/tinyusb/src/device/usbd.c.obj
                0x10004e20                tud_descriptor_other_speed_configuration_cb
 .text.tud_mount_cb
                0x10004e24        0x4 CMakeFiles/bar_tracker.dir/C_/pico-sdk/lib/tinyusb/src/device/usbd.c.obj
                0x10004e24                tud_mount_cb
 .text.tud_umount_cb
                0x10004e28        0x4 CMakeFiles/bar_tracker.dir/C_/pico-sdk/lib/tinyusb/src/device/usbd.c.obj
                0x10004e28                tud_umount_cb
 .text.tud_suspend_cb
                0x10004e2c        0x4 CMakeFiles/bar_tracker.dir/C_/pico-sdk/lib/tinyusb/src/device/usbd.c.obj
                0x10004e2c                tud_suspend_cb
 .text.tud_resume_cb
                0x10004e30        0x4 CMakeFiles/bar_tracker.dir/C_/pico-sdk/lib/tinyusb/src/device/usbd.c.obj
                0x10004e30                tud_resume_cb
 .text.tud_mounted
                0x10004e34       0x10 CMakeFiles/bar_tracker.dir/C_/pico-sdk/lib/tinyusb/src/device/usbd.c.obj
                0x10004e34                tud_mounted
 .text.tud_suspended
                0x10004e44       0x10 CMakeFiles/bar_tracker.dir/C_/pico-sdk/lib/tinyusb/src/device/usbd.c.obj
                0x10004e44                tud_suspended
 .text.tud_rhport_init
                0x10004e54       0xfc CMakeFiles/bar_tracker.dir/C_/pico-sdk/lib/tinyusb/src/device/usbd.c.obj
                0x10004e54                tud_rhport_init
 .text.tud_task_ext
                0x10004f50      0x808 CMakeFiles/bar_tracker.dir/C_/pico-sdk/lib/tinyusb/src/device/usbd.c.obj
                0x10004f50                tud_task_ext
 .text.usbd_open_edpt_pair
                0x10005758       0x9c CMakeFiles/bar_tracker.dir/C_/pico-sdk/lib/tinyusb/src/device/usbd.c.obj
                0x10005758                usbd_open_edpt_pair
 .text.usbd_edpt_open
                0x100057f4       0x34 CMakeFiles/bar_tracker.dir/C_/pico-sdk/lib/tinyusb/src/device/usbd.c.obj
                0x100057f4                usbd_edpt_open
 .text.usbd_edpt_claim
                0x10005828       0x28 CMakeFiles/bar_tracker.dir/C_/pico-sdk/lib/tinyusb/src/device/usbd.c.obj
                0x10005828                usbd_edpt_claim
 .text.usbd_edpt_release
                0x10005850       0x28 CMakeFiles/bar_tracker.dir/C_/pico-sdk/lib/tinyusb/src/device/usbd.c.obj
                0x10005850                usbd_edpt_release
 .text.usbd_edpt_xfer
                0x10005878       0x4c CMakeFiles/bar_tracker.dir/C_/pico-sdk/lib/tinyusb/src/device/usbd.c.obj
                0x10005878                usbd_edpt_xfer
 .text.tud_control_status
                0x100058c4       0x2c CMakeFiles/bar_tracker.dir/C_/pico-sdk/lib/tinyusb/src/device/usbd_control.c.obj
                0x100058c4                tud_control_status
 .text.tud_control_xfer
                0x100058f0       0xac CMakeFiles/bar_tracker.dir/C_/pico-sdk/lib/tinyusb/src/device/usbd_control.c.obj
                0x100058f0                tud_control_xfer
 .text.usbd_control_reset
                0x1000599c       0x14 CMakeFiles/bar_tracker.dir/C_/pico-sdk/lib/tinyusb/src/device/usbd_control.c.obj
                0x1000599c                usbd_control_reset
 .text.usbd_control_set_complete_callback
                0x100059b0        0xc CMakeFiles/bar_tracker.dir/C_/pico-sdk/lib/tinyusb/src/device/usbd_control.c.obj
                0x100059b0                usbd_control_set_complete_callback
 .text.usbd_control_set_request
                0x100059bc       0x1c CMakeFiles/bar_tracker.dir/C_/pico-sdk/lib/tinyusb/src/device/usbd_control.c.obj
                0x100059bc                usbd_control_set_request
 .text.usbd_control_xfer_cb
                0x100059d8       0xec CMakeFiles/bar_tracker.dir/C_/pico-sdk/lib/tinyusb/src/device/usbd_control.c.obj
                0x100059d8                usbd_control_xfer_cb
 .text._prep_out_transaction.isra.0
                0x10005ac4       0x6c CMakeFiles/bar_tracker.dir/C_/pico-sdk/lib/tinyusb/src/class/cdc/cdc_device.c.obj
 .text.tud_cdc_n_connected
                0x10005b30       0x2c CMakeFiles/bar_tracker.dir/C_/pico-sdk/lib/tinyusb/src/class/cdc/cdc_device.c.obj
                0x10005b30                tud_cdc_n_connected
 .text.tud_cdc_n_available
                0x10005b5c       0x14 CMakeFiles/bar_tracker.dir/C_/pico-sdk/lib/tinyusb/src/class/cdc/cdc_device.c.obj
                0x10005b5c                tud_cdc_n_available
 .text.tud_cdc_n_read
                0x10005b70       0x94 CMakeFiles/bar_tracker.dir/C_/pico-sdk/lib/tinyusb/src/class/cdc/cdc_device.c.obj
                0x10005b70                tud_cdc_n_read
 .text.tud_cdc_n_write_flush
                0x10005c04       0x74 CMakeFiles/bar_tracker.dir/C_/pico-sdk/lib/tinyusb/src/class/cdc/cdc_device.c.obj
                0x10005c04                tud_cdc_n_write_flush
 .text.tud_cdc_n_write
                0x10005c78       0x40 CMakeFiles/bar_tracker.dir/C_/pico-sdk/lib/tinyusb/src/class/cdc/cdc_device.c.obj
                0x10005c78                tud_cdc_n_write
 .text.tud_cdc_n_write_available
                0x10005cb8       0x14 CMakeFiles/bar_tracker.dir/C_/pico-sdk/lib/tinyusb/src/class/cdc/cdc_device.c.obj
                0x10005cb8                tud_cdc_n_write_available
 .text.cdcd_init
                0x10005ccc       0x70 CMakeFiles/bar_tracker.dir/C_/pico-sdk/lib/tinyusb/src/class/cdc/cdc_device.c.obj
                0x10005ccc                cdcd_init
 .text.cdcd_deinit
                0x10005d3c       0x30 CMakeFiles/bar_tracker.dir/C_/pico-sdk/lib/tinyusb/src/class/cdc/cdc_device.c.obj
                0x10005d3c                cdcd_deinit
 .text.cdcd_reset
                0x10005d6c       0x4c CMakeFiles/bar_tracker.dir/C_/pico-sdk/lib/tinyusb/src/class/cdc/cdc_device.c.obj
                0x10005d6c                cdcd_reset
 .text.cdcd_open
                0x10005db8       0xa8 CMakeFiles/bar_tracker.dir/C_/pico-sdk/lib/tinyusb/src/class/cdc/cdc_device.c.obj
                0x10005db8                cdcd_open
 .text.cdcd_control_xfer_cb
                0x10005e60       0xe8 CMakeFiles/bar_tracker.dir/C_/pico-sdk/lib/tinyusb/src/class/cdc/cdc_device.c.obj
                0x10005e60                cdcd_control_xfer_cb
 .text.cdcd_xfer_cb
                0x10005f48      0x100 CMakeFiles/bar_tracker.dir/C_/pico-sdk/lib/tinyusb/src/class/cdc/cdc_device.c.obj
                0x10005f48                cdcd_xfer_cb
 .text.vendord_init
                0x10006048       0x5c CMakeFiles/bar_tracker.dir/C_/pico-sdk/lib/tinyusb/src/class/vendor/vendor_device.c.obj
                0x10006048                vendord_init
 .text.vendord_deinit
                0x100060a4       0x1c CMakeFiles/bar_tracker.dir/C_/pico-sdk/lib/tinyusb/src/class/vendor/vendor_device.c.obj
                0x100060a4                vendord_deinit
 .text.vendord_reset
                0x100060c0       0x28 CMakeFiles/bar_tracker.dir/C_/pico-sdk/lib/tinyusb/src/class/vendor/vendor_device.c.obj
                0x100060c0                vendord_reset
 .text.vendord_open
                0x100060e8      0x128 CMakeFiles/bar_tracker.dir/C_/pico-sdk/lib/tinyusb/src/class/vendor/vendor_device.c.obj
                0x100060e8                vendord_open
 .text.vendord_xfer_cb
                0x10006210       0x9c CMakeFiles/bar_tracker.dir/C_/pico-sdk/lib/tinyusb/src/class/vendor/vendor_device.c.obj
                0x10006210                vendord_xfer_cb
 .text.tusb_rhport_init
                0x100062ac       0x48 CMakeFiles/bar_tracker.dir/C_/pico-sdk/lib/tinyusb/src/tusb.c.obj
                0x100062ac                tusb_rhport_init
 .text.tu_edpt_claim
                0x100062f4       0x50 CMakeFiles/bar_tracker.dir/C_/pico-sdk/lib/tinyusb/src/tusb.c.obj
                0x100062f4                tu_edpt_claim
 .text.tu_edpt_release
                0x10006344       0x38 CMakeFiles/bar_tracker.dir/C_/pico-sdk/lib/tinyusb/src/tusb.c.obj
                0x10006344                tu_edpt_release
 .text.tu_edpt_validate
                0x1000637c       0x7c CMakeFiles/bar_tracker.dir/C_/pico-sdk/lib/tinyusb/src/tusb.c.obj
                0x1000637c                tu_edpt_validate
 .text.tu_edpt_bind_driver
                0x100063f8       0x34 CMakeFiles/bar_tracker.dir/C_/pico-sdk/lib/tinyusb/src/tusb.c.obj
                0x100063f8                tu_edpt_bind_driver
 .text.tu_edpt_stream_init
                0x1000642c       0x6c CMakeFiles/bar_tracker.dir/C_/pico-sdk/lib/tinyusb/src/tusb.c.obj
                0x1000642c                tu_edpt_stream_init
 .text.tu_edpt_stream_deinit
                0x10006498        0x4 CMakeFiles/bar_tracker.dir/C_/pico-sdk/lib/tinyusb/src/tusb.c.obj
                0x10006498                tu_edpt_stream_deinit
 .text.tu_edpt_stream_write_zlp_if_needed
                0x1000649c       0x68 CMakeFiles/bar_tracker.dir/C_/pico-sdk/lib/tinyusb/src/tusb.c.obj
                0x1000649c                tu_edpt_stream_write_zlp_if_needed
 .text.tu_edpt_stream_write_xfer
                0x10006504       0x64 CMakeFiles/bar_tracker.dir/C_/pico-sdk/lib/tinyusb/src/tusb.c.obj
                0x10006504                tu_edpt_stream_write_xfer
 .text.tu_edpt_stream_read_xfer
                0x10006568       0xdc CMakeFiles/bar_tracker.dir/C_/pico-sdk/lib/tinyusb/src/tusb.c.obj
                0x10006568                tu_edpt_stream_read_xfer
 .text.tu_fifo_config
                0x10006644       0x6c CMakeFiles/bar_tracker.dir/C_/pico-sdk/lib/tinyusb/src/common/tusb_fifo.c.obj
                0x10006644                tu_fifo_config
 .text.tu_fifo_count
                0x100066b0       0x2c CMakeFiles/bar_tracker.dir/C_/pico-sdk/lib/tinyusb/src/common/tusb_fifo.c.obj
                0x100066b0                tu_fifo_count
 .text.tu_fifo_empty
                0x100066dc       0x10 CMakeFiles/bar_tracker.dir/C_/pico-sdk/lib/tinyusb/src/common/tusb_fifo.c.obj
                0x100066dc                tu_fifo_empty
 .text.tu_fifo_remaining
                0x100066ec       0x2c CMakeFiles/bar_tracker.dir/C_/pico-sdk/lib/tinyusb/src/common/tusb_fifo.c.obj
                0x100066ec                tu_fifo_remaining
 .text.tu_fifo_read
                0x10006718       0x9c CMakeFiles/bar_tracker.dir/C_/pico-sdk/lib/tinyusb/src/common/tusb_fifo.c.obj
                0x10006718                tu_fifo_read
 .text.tu_fifo_read_n
                0x100067b4       0xe8 CMakeFiles/bar_tracker.dir/C_/pico-sdk/lib/tinyusb/src/common/tusb_fifo.c.obj
                0x100067b4                tu_fifo_read_n
 .text.tu_fifo_write
                0x1000689c       0x88 CMakeFiles/bar_tracker.dir/C_/pico-sdk/lib/tinyusb/src/common/tusb_fifo.c.obj
                0x1000689c                tu_fifo_write
 .text.tu_fifo_write_n
                0x10006924      0x178 CMakeFiles/bar_tracker.dir/C_/pico-sdk/lib/tinyusb/src/common/tusb_fifo.c.obj
                0x10006924                tu_fifo_write_n
 .text.tu_fifo_clear
                0x10006a9c       0x40 CMakeFiles/bar_tracker.dir/C_/pico-sdk/lib/tinyusb/src/common/tusb_fifo.c.obj
                0x10006a9c                tu_fifo_clear
 .text.tu_fifo_set_overwritable
                0x10006adc       0x48 CMakeFiles/bar_tracker.dir/C_/pico-sdk/lib/tinyusb/src/common/tusb_fifo.c.obj
                0x10006adc                tu_fifo_set_overwritable
 .text.i2c_read_blocking_internal.constprop.0
                0x10006b24       0x98 CMakeFiles/bar_tracker.dir/C_/pico-sdk/src/rp2_common/hardware_i2c/i2c.c.obj
 .text.i2c_write_blocking_internal.constprop.0
                0x10006bbc       0xd0 CMakeFiles/bar_tracker.dir/C_/pico-sdk/src/rp2_common/hardware_i2c/i2c.c.obj
 .text.i2c_set_baudrate
                0x10006c8c       0xc0 CMakeFiles/bar_tracker.dir/C_/pico-sdk/src/rp2_common/hardware_i2c/i2c.c.obj
                0x10006c8c                i2c_set_baudrate
 .text.i2c_init
                0x10006d4c       0x54 CMakeFiles/bar_tracker.dir/C_/pico-sdk/src/rp2_common/hardware_i2c/i2c.c.obj
                0x10006d4c                i2c_init
 .text.i2c_write_blocking
                0x10006da0       0x14 CMakeFiles/bar_tracker.dir/C_/pico-sdk/src/rp2_common/hardware_i2c/i2c.c.obj
                0x10006da0                i2c_write_blocking
 .text.i2c_read_blocking
                0x10006db4       0x14 CMakeFiles/bar_tracker.dir/C_/pico-sdk/src/rp2_common/hardware_i2c/i2c.c.obj
                0x10006db4                i2c_read_blocking
 .text.cyw43_arch_set_async_context
                0x10006dc8        0xc CMakeFiles/bar_tracker.dir/C_/pico-sdk/src/rp2_common/pico_cyw43_arch/cyw43_arch.c.obj
                0x10006dc8                cyw43_arch_set_async_context
 .text.cyw43_arch_gpio_put
                0x10006dd4       0x14 CMakeFiles/bar_tracker.dir/C_/pico-sdk/src/rp2_common/pico_cyw43_arch/cyw43_arch.c.obj
                0x10006dd4                cyw43_arch_gpio_put
 .text.cyw43_arch_async_context
                0x10006de8        0xc CMakeFiles/bar_tracker.dir/C_/pico-sdk/src/rp2_common/pico_cyw43_arch/cyw43_arch.c.obj
                0x10006de8                cyw43_arch_async_context
 .text.cyw43_arch_init
                0x10006df4       0x74 CMakeFiles/bar_tracker.dir/C_/pico-sdk/src/rp2_common/pico_cyw43_arch/cyw43_arch_threadsafe_background.c.obj
                0x10006df4                cyw43_arch_init
 .text.ns_delay.constprop.0
                0x10006e68       0x20 CMakeFiles/bar_tracker.dir/C_/pico-sdk/src/rp2_common/pico_cyw43_driver/cyw43_bus_pio_spi.c.obj
 .text.cyw43_spi_deinit
                0x10006e88       0x6c CMakeFiles/bar_tracker.dir/C_/pico-sdk/src/rp2_common/pico_cyw43_driver/cyw43_bus_pio_spi.c.obj
                0x10006e88                cyw43_spi_deinit
 .text.cyw43_spi_init
                0x10006ef4      0x128 CMakeFiles/bar_tracker.dir/C_/pico-sdk/src/rp2_common/pico_cyw43_driver/cyw43_bus_pio_spi.c.obj
                0x10006ef4                cyw43_spi_init
 .text.cyw43_spi_transfer
                0x1000701c      0x420 CMakeFiles/bar_tracker.dir/C_/pico-sdk/src/rp2_common/pico_cyw43_driver/cyw43_bus_pio_spi.c.obj
                0x1000701c                cyw43_spi_transfer
 .text.cyw43_spi_gpio_setup
                0x1000743c       0x3c CMakeFiles/bar_tracker.dir/C_/pico-sdk/src/rp2_common/pico_cyw43_driver/cyw43_bus_pio_spi.c.obj
                0x1000743c                cyw43_spi_gpio_setup
 .text.cyw43_spi_reset
                0x10007478       0x28 CMakeFiles/bar_tracker.dir/C_/pico-sdk/src/rp2_common/pico_cyw43_driver/cyw43_bus_pio_spi.c.obj
                0x10007478                cyw43_spi_reset
 .text.read_reg_u32_swap
                0x100074a0       0x3c CMakeFiles/bar_tracker.dir/C_/pico-sdk/src/rp2_common/pico_cyw43_driver/cyw43_bus_pio_spi.c.obj
                0x100074a0                read_reg_u32_swap
 .text.cyw43_read_reg_u32
                0x100074dc       0x54 CMakeFiles/bar_tracker.dir/C_/pico-sdk/src/rp2_common/pico_cyw43_driver/cyw43_bus_pio_spi.c.obj
                0x100074dc                cyw43_read_reg_u32
 .text.cyw43_read_reg_u16
                0x10007530       0x54 CMakeFiles/bar_tracker.dir/C_/pico-sdk/src/rp2_common/pico_cyw43_driver/cyw43_bus_pio_spi.c.obj
                0x10007530                cyw43_read_reg_u16
 .text.cyw43_read_reg_u8
                0x10007584       0x54 CMakeFiles/bar_tracker.dir/C_/pico-sdk/src/rp2_common/pico_cyw43_driver/cyw43_bus_pio_spi.c.obj
                0x10007584                cyw43_read_reg_u8
 .text.write_reg_u32_swap
                0x100075d8      0x214 CMakeFiles/bar_tracker.dir/C_/pico-sdk/src/rp2_common/pico_cyw43_driver/cyw43_bus_pio_spi.c.obj
                0x100075d8                write_reg_u32_swap
 .text.cyw43_write_reg_u32
                0x100077ec      0x214 CMakeFiles/bar_tracker.dir/C_/pico-sdk/src/rp2_common/pico_cyw43_driver/cyw43_bus_pio_spi.c.obj
                0x100077ec                cyw43_write_reg_u32
 .text.cyw43_write_reg_u16
                0x10007a00      0x214 CMakeFiles/bar_tracker.dir/C_/pico-sdk/src/rp2_common/pico_cyw43_driver/cyw43_bus_pio_spi.c.obj
                0x10007a00                cyw43_write_reg_u16
 .text.cyw43_write_reg_u8
                0x10007c14      0x214 CMakeFiles/bar_tracker.dir/C_/pico-sdk/src/rp2_common/pico_cyw43_driver/cyw43_bus_pio_spi.c.obj
                0x10007c14                cyw43_write_reg_u8
 .text.cyw43_read_bytes
                0x10007e28       0x78 CMakeFiles/bar_tracker.dir/C_/pico-sdk/src/rp2_common/pico_cyw43_driver/cyw43_bus_pio_spi.c.obj
                0x10007e28                cyw43_read_bytes
 .text.cyw43_write_bytes
                0x10007ea0       0xc4 CMakeFiles/bar_tracker.dir/C_/pico-sdk/src/rp2_common/pico_cyw43_driver/cyw43_bus_pio_spi.c.obj
                0x10007ea0                cyw43_write_bytes
 .text.cyw43_set_backplane_window
                0x10007f64       0x68 CMakeFiles/bar_tracker.dir/C_/pico-sdk/lib/cyw43-driver/src/cyw43_ll.c.obj
 .text.cyw43_ll_parse_async_event
                0x10007fcc      0x134 CMakeFiles/bar_tracker.dir/C_/pico-sdk/lib/cyw43-driver/src/cyw43_ll.c.obj
 .text.cyw43_kso_set
                0x10008100       0x80 CMakeFiles/bar_tracker.dir/C_/pico-sdk/lib/cyw43-driver/src/cyw43_ll.c.obj
 .text.cyw43_ll_sdpcm_poll_device
                0x10008180      0x238 CMakeFiles/bar_tracker.dir/C_/pico-sdk/lib/cyw43-driver/src/cyw43_ll.c.obj
 .text.cyw43_sdpcm_send_common
                0x100083b8       0xfc CMakeFiles/bar_tracker.dir/C_/pico-sdk/lib/cyw43-driver/src/cyw43_ll.c.obj
 .text.cyw43_do_ioctl.part.0
                0x100084b4       0xc4 CMakeFiles/bar_tracker.dir/C_/pico-sdk/lib/cyw43-driver/src/cyw43_ll.c.obj
 .text.cyw43_write_iovar_u32.constprop.0
                0x10008578       0xa0 CMakeFiles/bar_tracker.dir/C_/pico-sdk/lib/cyw43-driver/src/cyw43_ll.c.obj
 .text.cyw43_write_iovar_n
                0x10008618       0x98 CMakeFiles/bar_tracker.dir/C_/pico-sdk/lib/cyw43-driver/src/cyw43_ll.c.obj
 .text.cyw43_read_backplane.constprop.0
                0x100086b0       0xe4 CMakeFiles/bar_tracker.dir/C_/pico-sdk/lib/cyw43-driver/src/cyw43_ll.c.obj
 .text.cyw43_write_backplane
                0x10008794      0x10c CMakeFiles/bar_tracker.dir/C_/pico-sdk/lib/cyw43-driver/src/cyw43_ll.c.obj
 .text.reset_device_core.constprop.0
                0x100088a0      0x410 CMakeFiles/bar_tracker.dir/C_/pico-sdk/lib/cyw43-driver/src/cyw43_ll.c.obj
 .text.cyw43_ll_init
                0x10008cb0       0x1c CMakeFiles/bar_tracker.dir/C_/pico-sdk/lib/cyw43-driver/src/cyw43_ll.c.obj
                0x10008cb0                cyw43_ll_init
 .text.cyw43_ll_deinit
                0x10008ccc        0x8 CMakeFiles/bar_tracker.dir/C_/pico-sdk/lib/cyw43-driver/src/cyw43_ll.c.obj
                0x10008ccc                cyw43_ll_deinit
 .text.cyw43_ll_process_packets
                0x10008cd4       0x54 CMakeFiles/bar_tracker.dir/C_/pico-sdk/lib/cyw43-driver/src/cyw43_ll.c.obj
                0x10008cd4                cyw43_ll_process_packets
 .text.cyw43_ll_ioctl
                0x10008d28       0x80 CMakeFiles/bar_tracker.dir/C_/pico-sdk/lib/cyw43-driver/src/cyw43_ll.c.obj
                0x10008d28                cyw43_ll_ioctl
 .text.cyw43_ll_bus_sleep
                0x10008da8       0x34 CMakeFiles/bar_tracker.dir/C_/pico-sdk/lib/cyw43-driver/src/cyw43_ll.c.obj
                0x10008da8                cyw43_ll_bus_sleep
 .text.cyw43_ll_wifi_get_mac
                0x10008ddc       0x7c CMakeFiles/bar_tracker.dir/C_/pico-sdk/lib/cyw43-driver/src/cyw43_ll.c.obj
                0x10008ddc                cyw43_ll_wifi_get_mac
 .text.cyw43_ll_bus_init
                0x10008e58      0x980 CMakeFiles/bar_tracker.dir/C_/pico-sdk/lib/cyw43-driver/src/cyw43_ll.c.obj
                0x10008e58                cyw43_ll_bus_init
 .text.cyw43_ll_wifi_set_wpa_auth
                0x100097d8       0x58 CMakeFiles/bar_tracker.dir/C_/pico-sdk/lib/cyw43-driver/src/cyw43_ll.c.obj
                0x100097d8                cyw43_ll_wifi_set_wpa_auth
 .text.cyw43_ll_wifi_rejoin
                0x10009830       0x58 CMakeFiles/bar_tracker.dir/C_/pico-sdk/lib/cyw43-driver/src/cyw43_ll.c.obj
                0x10009830                cyw43_ll_wifi_rejoin
 .text.cyw43_ll_gpio_set
                0x10009888       0xa0 CMakeFiles/bar_tracker.dir/C_/pico-sdk/lib/cyw43-driver/src/cyw43_ll.c.obj
                0x10009888                cyw43_ll_gpio_set
 .text.cyw43_ll_has_work
                0x10009928       0x14 CMakeFiles/bar_tracker.dir/C_/pico-sdk/lib/cyw43-driver/src/cyw43_ll.c.obj
                0x10009928                cyw43_ll_has_work
 .text.cyw43_ll_bt_has_work
                0x1000993c      0x174 CMakeFiles/bar_tracker.dir/C_/pico-sdk/lib/cyw43-driver/src/cyw43_ll.c.obj
                0x1000993c                cyw43_ll_bt_has_work
 .text.cyw43_ll_write_backplane_reg
                0x10009ab0       0xe4 CMakeFiles/bar_tracker.dir/C_/pico-sdk/lib/cyw43-driver/src/cyw43_ll.c.obj
                0x10009ab0                cyw43_ll_write_backplane_reg
 .text.cyw43_ll_read_backplane_reg
                0x10009b94       0xe4 CMakeFiles/bar_tracker.dir/C_/pico-sdk/lib/cyw43-driver/src/cyw43_ll.c.obj
                0x10009b94                cyw43_ll_read_backplane_reg
 .text.cyw43_ll_write_backplane_mem
                0x10009c78      0x150 CMakeFiles/bar_tracker.dir/C_/pico-sdk/lib/cyw43-driver/src/cyw43_ll.c.obj
                0x10009c78                cyw43_ll_write_backplane_mem
 .text.cyw43_ll_read_backplane_mem
                0x10009dc8       0xfc CMakeFiles/bar_tracker.dir/C_/pico-sdk/lib/cyw43-driver/src/cyw43_ll.c.obj
                0x10009dc8                cyw43_ll_read_backplane_mem
 .text.cyw43_poll_func
                0x10009ec4       0xbc CMakeFiles/bar_tracker.dir/C_/pico-sdk/lib/cyw43-driver/src/cyw43_ctrl.c.obj
 .text.cyw43_init
                0x10009f80       0x74 CMakeFiles/bar_tracker.dir/C_/pico-sdk/lib/cyw43-driver/src/cyw43_ctrl.c.obj
                0x10009f80                cyw43_init
 .text.cyw43_deinit
                0x10009ff4       0x98 CMakeFiles/bar_tracker.dir/C_/pico-sdk/lib/cyw43-driver/src/cyw43_ctrl.c.obj
                0x10009ff4                cyw43_deinit
 .text.cyw43_cb_read_host_interrupt_pin
                0x1000a08c        0xc CMakeFiles/bar_tracker.dir/C_/pico-sdk/lib/cyw43-driver/src/cyw43_ctrl.c.obj
                0x1000a08c                cyw43_cb_read_host_interrupt_pin
 .text.cyw43_cb_ensure_awake
                0x1000a098        0xc CMakeFiles/bar_tracker.dir/C_/pico-sdk/lib/cyw43-driver/src/cyw43_ctrl.c.obj
                0x1000a098                cyw43_cb_ensure_awake
 .text.cyw43_cb_process_async_event
                0x1000a0a4      0x218 CMakeFiles/bar_tracker.dir/C_/pico-sdk/lib/cyw43-driver/src/cyw43_ctrl.c.obj
                0x1000a0a4                cyw43_cb_process_async_event
 .text.cyw43_gpio_set
                0x1000a2bc       0xa0 CMakeFiles/bar_tracker.dir/C_/pico-sdk/lib/cyw43-driver/src/cyw43_ctrl.c.obj
                0x1000a2bc                cyw43_gpio_set
 .text.cyw43_bluetooth_hci_init
                0x1000a35c       0xac CMakeFiles/bar_tracker.dir/C_/pico-sdk/lib/cyw43-driver/src/cyw43_ctrl.c.obj
                0x1000a35c                cyw43_bluetooth_hci_init
 .text.cyw43_bluetooth_hci_read
                0x1000a408       0xec CMakeFiles/bar_tracker.dir/C_/pico-sdk/lib/cyw43-driver/src/cyw43_ctrl.c.obj
                0x1000a408                cyw43_bluetooth_hci_read
 .text.cyw43_bluetooth_hci_write
                0x1000a4f4       0xd8 CMakeFiles/bar_tracker.dir/C_/pico-sdk/lib/cyw43-driver/src/cyw43_ctrl.c.obj
                0x1000a4f4                cyw43_bluetooth_hci_write
 .text.cybt_hci_read
                0x1000a5cc      0x11c CMakeFiles/bar_tracker.dir/C_/pico-sdk/src/rp2_common/pico_cyw43_driver/cybt_shared_bus/cybt_shared_bus.c.obj
 .text.cyw43_btbus_init
                0x1000a6e8       0xac CMakeFiles/bar_tracker.dir/C_/pico-sdk/src/rp2_common/pico_cyw43_driver/cybt_shared_bus/cybt_shared_bus.c.obj
                0x1000a6e8                cyw43_btbus_init
 .text.cyw43_btbus_write
                0x1000a794       0xdc CMakeFiles/bar_tracker.dir/C_/pico-sdk/src/rp2_common/pico_cyw43_driver/cybt_shared_bus/cybt_shared_bus.c.obj
                0x1000a794                cyw43_btbus_write
 .text.cyw43_btbus_read
                0x1000a870       0xa0 CMakeFiles/bar_tracker.dir/C_/pico-sdk/src/rp2_common/pico_cyw43_driver/cybt_shared_bus/cybt_shared_bus.c.obj
                0x1000a870                cyw43_btbus_read
 .text.cybt_fw_download
                0x1000a910      0x428 CMakeFiles/bar_tracker.dir/C_/pico-sdk/src/rp2_common/pico_cyw43_driver/cybt_shared_bus/cybt_shared_bus_driver.c.obj
                0x1000a910                cybt_fw_download
 .text.cybt_set_host_ready
                0x1000ad38       0x2c CMakeFiles/bar_tracker.dir/C_/pico-sdk/src/rp2_common/pico_cyw43_driver/cybt_shared_bus/cybt_shared_bus_driver.c.obj
                0x1000ad38                cybt_set_host_ready
 .text.cybt_ready
                0x1000ad64       0x1c CMakeFiles/bar_tracker.dir/C_/pico-sdk/src/rp2_common/pico_cyw43_driver/cybt_shared_bus/cybt_shared_bus_driver.c.obj
                0x1000ad64                cybt_ready
 .text.cybt_awake
                0x1000ad80       0x1c CMakeFiles/bar_tracker.dir/C_/pico-sdk/src/rp2_common/pico_cyw43_driver/cybt_shared_bus/cybt_shared_bus_driver.c.obj
                0x1000ad80                cybt_awake
 .text.cybt_set_bt_awake
                0x1000ad9c       0x3c CMakeFiles/bar_tracker.dir/C_/pico-sdk/src/rp2_common/pico_cyw43_driver/cybt_shared_bus/cybt_shared_bus_driver.c.obj
                0x1000ad9c                cybt_set_bt_awake
 .text.cybt_debug_dump
                0x1000add8       0x88 CMakeFiles/bar_tracker.dir/C_/pico-sdk/src/rp2_common/pico_cyw43_driver/cybt_shared_bus/cybt_shared_bus_driver.c.obj
                0x1000add8                cybt_debug_dump
 .text.cybt_toggle_bt_intr
                0x1000ae60       0x40 CMakeFiles/bar_tracker.dir/C_/pico-sdk/src/rp2_common/pico_cyw43_driver/cybt_shared_bus/cybt_shared_bus_driver.c.obj
                0x1000ae60                cybt_toggle_bt_intr
 .text.cybt_get_bt_buf_index
                0x1000aea0       0xc4 CMakeFiles/bar_tracker.dir/C_/pico-sdk/src/rp2_common/pico_cyw43_driver/cybt_shared_bus/cybt_shared_bus_driver.c.obj
                0x1000aea0                cybt_get_bt_buf_index
 .text.cybt_reg_write_idx
                0x1000af64       0x58 CMakeFiles/bar_tracker.dir/C_/pico-sdk/src/rp2_common/pico_cyw43_driver/cybt_shared_bus/cybt_shared_bus_driver.c.obj
                0x1000af64                cybt_reg_write_idx
 .text.cybt_mem_write_idx
                0x1000afbc       0xa0 CMakeFiles/bar_tracker.dir/C_/pico-sdk/src/rp2_common/pico_cyw43_driver/cybt_shared_bus/cybt_shared_bus_driver.c.obj
                0x1000afbc                cybt_mem_write_idx
 .text.cybt_mem_read_idx
                0x1000b05c       0x9c CMakeFiles/bar_tracker.dir/C_/pico-sdk/src/rp2_common/pico_cyw43_driver/cybt_shared_bus/cybt_shared_bus_driver.c.obj
                0x1000b05c                cybt_mem_read_idx
 .text.cybt_init_buffer
                0x1000b0f8       0xc0 CMakeFiles/bar_tracker.dir/C_/pico-sdk/src/rp2_common/pico_cyw43_driver/cybt_shared_bus/cybt_shared_bus_driver.c.obj
                0x1000b0f8                cybt_init_buffer
 .text.cybt_sharedbus_driver_init
                0x1000b1b8        0xc CMakeFiles/bar_tracker.dir/C_/pico-sdk/src/rp2_common/pico_cyw43_driver/cybt_shared_bus/cybt_shared_bus_driver.c.obj
                0x1000b1b8                cybt_sharedbus_driver_init
 .text.pio_sm_set_pindirs_with_mask64
                0x1000b1c4       0xac CMakeFiles/bar_tracker.dir/C_/pico-sdk/src/rp2_common/hardware_pio/pio.c.obj
                0x1000b1c4                pio_sm_set_pindirs_with_mask64
 .text.pio_sm_set_consecutive_pindirs
                0x1000b270       0xb4 CMakeFiles/bar_tracker.dir/C_/pico-sdk/src/rp2_common/hardware_pio/pio.c.obj
                0x1000b270                pio_sm_set_consecutive_pindirs
 .text.pio_claim_free_sm_and_add_program_for_gpio_range
                0x1000b324      0x188 CMakeFiles/bar_tracker.dir/C_/pico-sdk/src/rp2_common/hardware_pio/pio.c.obj
                0x1000b324                pio_claim_free_sm_and_add_program_for_gpio_range
 .text.pio_remove_program_and_unclaim_sm
                0x1000b4ac       0x40 CMakeFiles/bar_tracker.dir/C_/pico-sdk/src/rp2_common/hardware_pio/pio.c.obj
                0x1000b4ac                pio_remove_program_and_unclaim_sm
 .text.dma_channel_unclaim
                0x1000b4ec       0x14 CMakeFiles/bar_tracker.dir/C_/pico-sdk/src/rp2_common/hardware_dma/dma.c.obj
                0x1000b4ec                dma_channel_unclaim
 .text.dma_claim_unused_channel
                0x1000b500       0x24 CMakeFiles/bar_tracker.dir/C_/pico-sdk/src/rp2_common/hardware_dma/dma.c.obj
                0x1000b500                dma_claim_unused_channel
 .text.dma_channel_cleanup
                0x1000b524       0x64 CMakeFiles/bar_tracker.dir/C_/pico-sdk/src/rp2_common/hardware_dma/dma.c.obj
                0x1000b524                dma_channel_cleanup
 .text.cyw43_sleep_timeout_reached
                0x1000b588       0x10 CMakeFiles/bar_tracker.dir/C_/pico-sdk/src/rp2_common/pico_cyw43_driver/cyw43_driver.c.obj
 .text.cyw43_irq_init
                0x1000b598       0x28 CMakeFiles/bar_tracker.dir/C_/pico-sdk/src/rp2_common/pico_cyw43_driver/cyw43_driver.c.obj
                0x1000b598                cyw43_irq_init
 .text.cyw43_irq_deinit
                0x1000b5c0       0x20 CMakeFiles/bar_tracker.dir/C_/pico-sdk/src/rp2_common/pico_cyw43_driver/cyw43_driver.c.obj
                0x1000b5c0                cyw43_irq_deinit
 .text.cyw43_gpio_irq_handler
                0x1000b5e0       0x44 CMakeFiles/bar_tracker.dir/C_/pico-sdk/src/rp2_common/pico_cyw43_driver/cyw43_driver.c.obj
 .text.cyw43_do_poll
                0x1000b624       0x70 CMakeFiles/bar_tracker.dir/C_/pico-sdk/src/rp2_common/pico_cyw43_driver/cyw43_driver.c.obj
 .text.cyw43_post_poll_hook
                0x1000b694       0x10 CMakeFiles/bar_tracker.dir/C_/pico-sdk/src/rp2_common/pico_cyw43_driver/cyw43_driver.c.obj
                0x1000b694                cyw43_post_poll_hook
 .text.cyw43_schedule_internal_poll_dispatch
                0x1000b6a4       0x18 CMakeFiles/bar_tracker.dir/C_/pico-sdk/src/rp2_common/pico_cyw43_driver/cyw43_driver.c.obj
                0x1000b6a4                cyw43_schedule_internal_poll_dispatch
 .text.cyw43_driver_init
                0x1000b6bc       0x38 CMakeFiles/bar_tracker.dir/C_/pico-sdk/src/rp2_common/pico_cyw43_driver/cyw43_driver.c.obj
                0x1000b6bc                cyw43_driver_init
 .text.cyw43_driver_deinit
                0x1000b6f4       0x4c CMakeFiles/bar_tracker.dir/C_/pico-sdk/src/rp2_common/pico_cyw43_driver/cyw43_driver.c.obj
                0x1000b6f4                cyw43_driver_deinit
 .text.cyw43_hal_generate_laa_mac
                0x1000b740       0x28 CMakeFiles/bar_tracker.dir/C_/pico-sdk/src/rp2_common/pico_cyw43_driver/cyw43_driver.c.obj
                0x1000b740                cyw43_hal_generate_laa_mac
 .text.cyw43_hal_get_mac
                0x1000b768       0x14 CMakeFiles/bar_tracker.dir/C_/pico-sdk/src/rp2_common/pico_cyw43_driver/cyw43_driver.c.obj
                0x1000b768                cyw43_hal_get_mac
 .text.cyw43_thread_enter
                0x1000b77c       0x14 CMakeFiles/bar_tracker.dir/C_/pico-sdk/src/rp2_common/pico_cyw43_driver/cyw43_driver.c.obj
                0x1000b77c                cyw43_thread_enter
 .text.cyw43_thread_exit
                0x1000b790       0x14 CMakeFiles/bar_tracker.dir/C_/pico-sdk/src/rp2_common/pico_cyw43_driver/cyw43_driver.c.obj
                0x1000b790                cyw43_thread_exit
 .text.cyw43_await_background_or_timeout_us
                0x1000b7a4       0x64 CMakeFiles/bar_tracker.dir/C_/pico-sdk/src/rp2_common/pico_cyw43_driver/cyw43_driver.c.obj
                0x1000b7a4                cyw43_await_background_or_timeout_us
 .text.cyw43_delay_ms
                0x1000b808       0x48 CMakeFiles/bar_tracker.dir/C_/pico-sdk/src/rp2_common/pico_cyw43_driver/cyw43_driver.c.obj
                0x1000b808                cyw43_delay_ms
 .text.cyw43_cb_tcpip_deinit
                0x1000b850        0x4 CMakeFiles/bar_tracker.dir/C_/pico-sdk/src/rp2_common/pico_cyw43_driver/cyw43_driver.c.obj
                0x1000b850                cyw43_cb_tcpip_deinit
 .text.cyw43_cb_tcpip_set_link_up
                0x1000b854        0xc CMakeFiles/bar_tracker.dir/C_/pico-sdk/src/rp2_common/pico_cyw43_driver/cyw43_driver.c.obj
                0x1000b854                cyw43_cb_tcpip_set_link_up
 .text.cyw43_cb_tcpip_set_link_down
                0x1000b860        0xc CMakeFiles/bar_tracker.dir/C_/pico-sdk/src/rp2_common/pico_cyw43_driver/cyw43_driver.c.obj
                0x1000b860                cyw43_cb_tcpip_set_link_down
 .text.cyw43_cb_process_ethernet
                0x1000b86c        0xc CMakeFiles/bar_tracker.dir/C_/pico-sdk/src/rp2_common/pico_cyw43_driver/cyw43_driver.c.obj
                0x1000b86c                cyw43_cb_process_ethernet
 .text.async_context_threadsafe_background_acquire_lock_blocking
                0x1000b878        0xc CMakeFiles/bar_tracker.dir/C_/pico-sdk/src/rp2_common/pico_async_context/async_context_threadsafe_background.c.obj
 .text.alarm_handler
                0x1000b884       0x20 CMakeFiles/bar_tracker.dir/C_/pico-sdk/src/rp2_common/pico_async_context/async_context_threadsafe_background.c.obj
 .text.async_context_threadsafe_background_set_work_pending
                0x1000b8a4       0x1c CMakeFiles/bar_tracker.dir/C_/pico-sdk/src/rp2_common/pico_async_context/async_context_threadsafe_background.c.obj
 .text.process_under_lock
                0x1000b8c0       0xcc CMakeFiles/bar_tracker.dir/C_/pico-sdk/src/rp2_common/pico_async_context/async_context_threadsafe_background.c.obj
 .text.async_context_threadsafe_background_execute_sync
                0x1000b98c       0x30 CMakeFiles/bar_tracker.dir/C_/pico-sdk/src/rp2_common/pico_async_context/async_context_threadsafe_background.c.obj
                0x1000b98c                async_context_threadsafe_background_execute_sync
 .text.async_context_threadsafe_background_deinit
                0x1000b9bc       0x54 CMakeFiles/bar_tracker.dir/C_/pico-sdk/src/rp2_common/pico_async_context/async_context_threadsafe_background.c.obj
 .text.low_priority_irq_handler
                0x1000ba10       0x3c CMakeFiles/bar_tracker.dir/C_/pico-sdk/src/rp2_common/pico_async_context/async_context_threadsafe_background.c.obj
 .text.async_context_threadsafe_background_wait_for_work_until
                0x1000ba4c        0xc CMakeFiles/bar_tracker.dir/C_/pico-sdk/src/rp2_common/pico_async_context/async_context_threadsafe_background.c.obj
 .text.async_context_threadsafe_background_wait_until
                0x1000ba58       0x1c CMakeFiles/bar_tracker.dir/C_/pico-sdk/src/rp2_common/pico_async_context/async_context_threadsafe_background.c.obj
 .text.async_context_threadsafe_background_lock_check
                0x1000ba74       0x28 CMakeFiles/bar_tracker.dir/C_/pico-sdk/src/rp2_common/pico_async_context/async_context_threadsafe_background.c.obj
 .text.async_context_threadsafe_background_release_lock
                0x1000ba9c       0x1c CMakeFiles/bar_tracker.dir/C_/pico-sdk/src/rp2_common/pico_async_context/async_context_threadsafe_background.c.obj
 .text.async_context_threadsafe_background_add_at_time_worker
                0x1000bab8       0x34 CMakeFiles/bar_tracker.dir/C_/pico-sdk/src/rp2_common/pico_async_context/async_context_threadsafe_background.c.obj
 .text.async_context_threadsafe_background_remove_at_time_worker
                0x1000baec       0x34 CMakeFiles/bar_tracker.dir/C_/pico-sdk/src/rp2_common/pico_async_context/async_context_threadsafe_background.c.obj
 .text.async_context_threadsafe_background_add_when_pending_worker
                0x1000bb20       0x34 CMakeFiles/bar_tracker.dir/C_/pico-sdk/src/rp2_common/pico_async_context/async_context_threadsafe_background.c.obj
 .text.async_context_threadsafe_background_when_pending_worker
                0x1000bb54       0x34 CMakeFiles/bar_tracker.dir/C_/pico-sdk/src/rp2_common/pico_async_context/async_context_threadsafe_background.c.obj
 .text.async_context_threadsafe_background_default_config
                0x1000bb88        0xc CMakeFiles/bar_tracker.dir/C_/pico-sdk/src/rp2_common/pico_async_context/async_context_threadsafe_background.c.obj
                0x1000bb88                async_context_threadsafe_background_default_config
 .text.async_context_threadsafe_background_init
                0x1000bb94       0x8c CMakeFiles/bar_tracker.dir/C_/pico-sdk/src/rp2_common/pico_async_context/async_context_threadsafe_background.c.obj
                0x1000bb94                async_context_threadsafe_background_init
 .text.async_context_base_add_at_time_worker
                0x1000bc20       0x24 CMakeFiles/bar_tracker.dir/C_/pico-sdk/src/rp2_common/pico_async_context/async_context_base.c.obj
                0x1000bc20                async_context_base_add_at_time_worker
 .text.async_context_base_remove_at_time_worker
                0x1000bc44       0x28 CMakeFiles/bar_tracker.dir/C_/pico-sdk/src/rp2_common/pico_async_context/async_context_base.c.obj
                0x1000bc44                async_context_base_remove_at_time_worker
 .text.async_context_base_add_when_pending_worker
                0x1000bc6c       0x24 CMakeFiles/bar_tracker.dir/C_/pico-sdk/src/rp2_common/pico_async_context/async_context_base.c.obj
                0x1000bc6c                async_context_base_add_when_pending_worker
 .text.async_context_base_remove_when_pending_worker
                0x1000bc90       0x28 CMakeFiles/bar_tracker.dir/C_/pico-sdk/src/rp2_common/pico_async_context/async_context_base.c.obj
                0x1000bc90                async_context_base_remove_when_pending_worker
 .text.async_context_base_execute_once
                0x1000bcb8      0x108 CMakeFiles/bar_tracker.dir/C_/pico-sdk/src/rp2_common/pico_async_context/async_context_base.c.obj
                0x1000bcb8                async_context_base_execute_once
 .text.att_validate_security
                0x1000bdc0       0xdc CMakeFiles/bar_tracker.dir/C_/pico-sdk/lib/btstack/src/ble/att_db.c.obj
 .text.att_iterator_fetch_next
                0x1000be9c       0x64 CMakeFiles/bar_tracker.dir/C_/pico-sdk/lib/btstack/src/ble/att_db.c.obj
 .text.att_iterator_match_uuid16
                0x1000bf00       0x5c CMakeFiles/bar_tracker.dir/C_/pico-sdk/lib/btstack/src/ble/att_db.c.obj
 .text.att_iterator_match_uuid16.constprop.0
                0x1000bf5c       0x54 CMakeFiles/bar_tracker.dir/C_/pico-sdk/lib/btstack/src/ble/att_db.c.obj
 .text.handle_read_multiple_request
                0x1000bfb0      0x238 CMakeFiles/bar_tracker.dir/C_/pico-sdk/lib/btstack/src/ble/att_db.c.obj
 .text.att_set_db
                0x1000c1e8       0x44 CMakeFiles/bar_tracker.dir/C_/pico-sdk/lib/btstack/src/ble/att_db.c.obj
                0x1000c1e8                att_set_db
 .text.att_set_read_callback
                0x1000c22c        0xc CMakeFiles/bar_tracker.dir/C_/pico-sdk/lib/btstack/src/ble/att_db.c.obj
                0x1000c22c                att_set_read_callback
 .text.att_set_write_callback
                0x1000c238        0xc CMakeFiles/bar_tracker.dir/C_/pico-sdk/lib/btstack/src/ble/att_db.c.obj
                0x1000c238                att_set_write_callback
 .text.att_clear_transaction_queue
                0x1000c244       0x20 CMakeFiles/bar_tracker.dir/C_/pico-sdk/lib/btstack/src/ble/att_db.c.obj
                0x1000c244                att_clear_transaction_queue
 .text.att_prepare_handle_value_notification
                0x1000c264       0x38 CMakeFiles/bar_tracker.dir/C_/pico-sdk/lib/btstack/src/ble/att_db.c.obj
                0x1000c264                att_prepare_handle_value_notification
 .text.att_handle_request
                0x1000c29c     0x10dc CMakeFiles/bar_tracker.dir/C_/pico-sdk/lib/btstack/src/ble/att_db.c.obj
                0x1000c29c                att_handle_request
 .text.att_is_persistent_ccc
                0x1000d378       0x9c CMakeFiles/bar_tracker.dir/C_/pico-sdk/lib/btstack/src/ble/att_db.c.obj
                0x1000d378                att_is_persistent_ccc
 .text.att_packet_handler
                0x1000d414      0x108 CMakeFiles/bar_tracker.dir/C_/pico-sdk/lib/btstack/src/ble/att_dispatch.c.obj
 .text.att_dispatch_register_server
                0x1000d51c       0x18 CMakeFiles/bar_tracker.dir/C_/pico-sdk/lib/btstack/src/ble/att_dispatch.c.obj
                0x1000d51c                att_dispatch_register_server
 .text.att_dispatch_server_can_send_now
                0x1000d534        0xc CMakeFiles/bar_tracker.dir/C_/pico-sdk/lib/btstack/src/ble/att_dispatch.c.obj
                0x1000d534                att_dispatch_server_can_send_now
 .text.att_dispatch_server_request_can_send_now_event
                0x1000d540       0x24 CMakeFiles/bar_tracker.dir/C_/pico-sdk/lib/btstack/src/ble/att_dispatch.c.obj
                0x1000d540                att_dispatch_server_request_can_send_now_event
 .text.att_dispatch_server_mtu_exchanged
                0x1000d564       0x40 CMakeFiles/bar_tracker.dir/C_/pico-sdk/lib/btstack/src/ble/att_dispatch.c.obj
                0x1000d564                att_dispatch_server_mtu_exchanged
 .text.att_server_write_callback
                0x1000d5a4      0x340 CMakeFiles/bar_tracker.dir/C_/pico-sdk/lib/btstack/src/ble/att_server.c.obj
 .text.att_server_read_callback
                0x1000d8e4       0x78 CMakeFiles/bar_tracker.dir/C_/pico-sdk/lib/btstack/src/ble/att_server.c.obj
 .text.att_handle_value_indication_notify_client
                0x1000d95c       0x70 CMakeFiles/bar_tracker.dir/C_/pico-sdk/lib/btstack/src/ble/att_server.c.obj
 .text.att_server_dispatch_packet_handler
                0x1000d9cc      0x56c CMakeFiles/bar_tracker.dir/C_/pico-sdk/lib/btstack/src/ble/att_server.c.obj
 .text.att_server_event_packet_handler
                0x1000df38      0x708 CMakeFiles/bar_tracker.dir/C_/pico-sdk/lib/btstack/src/ble/att_server.c.obj
 .text.att_server_init
                0x1000e640       0x58 CMakeFiles/bar_tracker.dir/C_/pico-sdk/lib/btstack/src/ble/att_server.c.obj
                0x1000e640                att_server_init
 .text.att_server_notify
                0x1000e698       0x80 CMakeFiles/bar_tracker.dir/C_/pico-sdk/lib/btstack/src/ble/att_server.c.obj
                0x1000e698                att_server_notify
 .text.le_device_db_init
                0x1000e718       0x28 CMakeFiles/bar_tracker.dir/C_/pico-sdk/lib/btstack/src/ble/le_device_db_tlv.c.obj
                0x1000e718                le_device_db_init
 .text.le_device_db_set_local_bd_addr
                0x1000e740        0x4 CMakeFiles/bar_tracker.dir/C_/pico-sdk/lib/btstack/src/ble/le_device_db_tlv.c.obj
                0x1000e740                le_device_db_set_local_bd_addr
 .text.le_device_db_max_count
                0x1000e744        0x4 CMakeFiles/bar_tracker.dir/C_/pico-sdk/lib/btstack/src/ble/le_device_db_tlv.c.obj
                0x1000e744                le_device_db_max_count
 .text.le_device_db_remove
                0x1000e748       0x44 CMakeFiles/bar_tracker.dir/C_/pico-sdk/lib/btstack/src/ble/le_device_db_tlv.c.obj
                0x1000e748                le_device_db_remove
 .text.le_device_db_add
                0x1000e78c      0x1a4 CMakeFiles/bar_tracker.dir/C_/pico-sdk/lib/btstack/src/ble/le_device_db_tlv.c.obj
                0x1000e78c                le_device_db_add
 .text.le_device_db_info
                0x1000e930       0x6c CMakeFiles/bar_tracker.dir/C_/pico-sdk/lib/btstack/src/ble/le_device_db_tlv.c.obj
                0x1000e930                le_device_db_info
 .text.le_device_db_encryption_set
                0x1000e99c       0xf0 CMakeFiles/bar_tracker.dir/C_/pico-sdk/lib/btstack/src/ble/le_device_db_tlv.c.obj
                0x1000e99c                le_device_db_encryption_set
 .text.le_device_db_encryption_get
                0x1000ea8c       0xe0 CMakeFiles/bar_tracker.dir/C_/pico-sdk/lib/btstack/src/ble/le_device_db_tlv.c.obj
                0x1000ea8c                le_device_db_encryption_get
 .text.le_device_db_tlv_configure
                0x1000eb6c       0x64 CMakeFiles/bar_tracker.dir/C_/pico-sdk/lib/btstack/src/ble/le_device_db_tlv.c.obj
                0x1000eb6c                le_device_db_tlv_configure
 .text.sm_handle_random_result_ph3_random
                0x1000ebd0       0x64 CMakeFiles/bar_tracker.dir/C_/pico-sdk/lib/btstack/src/ble/sm.c.obj
 .text.sm_handle_encryption_result_enc_a
                0x1000ec34      0x12c CMakeFiles/bar_tracker.dir/C_/pico-sdk/lib/btstack/src/ble/sm.c.obj
 .text.sm_handle_encryption_result_enc_ph3_ltk
                0x1000ed60       0x90 CMakeFiles/bar_tracker.dir/C_/pico-sdk/lib/btstack/src/ble/sm.c.obj
 .text.sm_handle_encryption_result_enc_c
                0x1000edf0      0x134 CMakeFiles/bar_tracker.dir/C_/pico-sdk/lib/btstack/src/ble/sm.c.obj
 .text.sm_handle_encryption_result_enc_ph3_y
                0x1000ef24       0xe8 CMakeFiles/bar_tracker.dir/C_/pico-sdk/lib/btstack/src/ble/sm.c.obj
 .text.sm_handle_encryption_result_enc_ph4_y
                0x1000f00c       0xdc CMakeFiles/bar_tracker.dir/C_/pico-sdk/lib/btstack/src/ble/sm.c.obj
 .text.sm_handle_encryption_result_dkg_irk
                0x1000f0e8       0x50 CMakeFiles/bar_tracker.dir/C_/pico-sdk/lib/btstack/src/ble/sm.c.obj
 .text.sm_handle_encryption_result_dkg_dhk
                0x1000f138       0x50 CMakeFiles/bar_tracker.dir/C_/pico-sdk/lib/btstack/src/ble/sm.c.obj
 .text.sm_handle_random_result_ph2_random
                0x1000f188       0x40 CMakeFiles/bar_tracker.dir/C_/pico-sdk/lib/btstack/src/ble/sm.c.obj
 .text.sm_handle_encryption_result_rau
                0x1000f1c8       0x58 CMakeFiles/bar_tracker.dir/C_/pico-sdk/lib/btstack/src/ble/sm.c.obj
 .text.sm_pairing_started.part.0
                0x1000f220       0x70 CMakeFiles/bar_tracker.dir/C_/pico-sdk/lib/btstack/src/ble/sm.c.obj
 .text.sm_pairing_complete.part.0
                0x1000f290       0x7c CMakeFiles/bar_tracker.dir/C_/pico-sdk/lib/btstack/src/ble/sm.c.obj
 .text.sm_trigger_user_response_basic.constprop.0
                0x1000f30c       0x74 CMakeFiles/bar_tracker.dir/C_/pico-sdk/lib/btstack/src/ble/sm.c.obj
 .text.sm_handle_encryption_result_enc_b
                0x1000f380       0x58 CMakeFiles/bar_tracker.dir/C_/pico-sdk/lib/btstack/src/ble/sm.c.obj
 .text.sm_handle_random_result_rau
                0x1000f3d8       0x60 CMakeFiles/bar_tracker.dir/C_/pico-sdk/lib/btstack/src/ble/sm.c.obj
 .text.sm_trigger_user_response_passkey.constprop.0
                0x1000f438       0x90 CMakeFiles/bar_tracker.dir/C_/pico-sdk/lib/btstack/src/ble/sm.c.obj
 .text.sm_reencryption_started.part.0
                0x1000f4c8       0x90 CMakeFiles/bar_tracker.dir/C_/pico-sdk/lib/btstack/src/ble/sm.c.obj
 .text.sm_reencryption_complete.part.0
                0x1000f558       0x94 CMakeFiles/bar_tracker.dir/C_/pico-sdk/lib/btstack/src/ble/sm.c.obj
 .text.sm_handle_encryption_result_enc_ph4_ltk
                0x1000f5ec       0x74 CMakeFiles/bar_tracker.dir/C_/pico-sdk/lib/btstack/src/ble/sm.c.obj
 .text.sm_handle_encryption_result_enc_stk
                0x1000f660       0x74 CMakeFiles/bar_tracker.dir/C_/pico-sdk/lib/btstack/src/ble/sm.c.obj
 .text.sm_handle_random_result_ph3_div
                0x1000f6d4       0x7c CMakeFiles/bar_tracker.dir/C_/pico-sdk/lib/btstack/src/ble/sm.c.obj
 .text.sm_handle_random_result_ir
                0x1000f750       0xb4 CMakeFiles/bar_tracker.dir/C_/pico-sdk/lib/btstack/src/ble/sm.c.obj
 .text.sm_handle_random_result_ph2_tk
                0x1000f804       0x88 CMakeFiles/bar_tracker.dir/C_/pico-sdk/lib/btstack/src/ble/sm.c.obj
 .text.gap_random_address_update_handler
                0x1000f88c       0x8c CMakeFiles/bar_tracker.dir/C_/pico-sdk/lib/btstack/src/ble/sm.c.obj
 .text.sm_key_distribution_complete_responder
                0x1000f918       0xcc CMakeFiles/bar_tracker.dir/C_/pico-sdk/lib/btstack/src/ble/sm.c.obj
 .text.sm_handle_encryption_result_enc_d
                0x1000f9e4       0x7c CMakeFiles/bar_tracker.dir/C_/pico-sdk/lib/btstack/src/ble/sm.c.obj
 .text.sm_handle_random_result_er
                0x1000fa60      0x11c CMakeFiles/bar_tracker.dir/C_/pico-sdk/lib/btstack/src/ble/sm.c.obj
 .text.sm_key_distribution_handle_all_received
                0x1000fb7c      0x414 CMakeFiles/bar_tracker.dir/C_/pico-sdk/lib/btstack/src/ble/sm.c.obj
 .text.sm_handle_encryption_result_enc_csrk
                0x1000ff90       0xe0 CMakeFiles/bar_tracker.dir/C_/pico-sdk/lib/btstack/src/ble/sm.c.obj
 .text.sm_address_resolution_handle_event
                0x10010070      0x260 CMakeFiles/bar_tracker.dir/C_/pico-sdk/lib/btstack/src/ble/sm.c.obj
 .text.sm_handle_encryption_result_address_resolution
                0x100102d0       0x8c CMakeFiles/bar_tracker.dir/C_/pico-sdk/lib/btstack/src/ble/sm.c.obj
 .text.sm_run   0x1001035c     0x138c CMakeFiles/bar_tracker.dir/C_/pico-sdk/lib/btstack/src/ble/sm.c.obj
 .text.sm_channel_handler
                0x100116e8      0x35c CMakeFiles/bar_tracker.dir/C_/pico-sdk/lib/btstack/src/ble/sm.c.obj
 .text.sm_timeout_handler
                0x10011a44       0x8c CMakeFiles/bar_tracker.dir/C_/pico-sdk/lib/btstack/src/ble/sm.c.obj
 .text.sm_run_timer_handler
                0x10011ad0        0x8 CMakeFiles/bar_tracker.dir/C_/pico-sdk/lib/btstack/src/ble/sm.c.obj
 .text.sm_add_event_handler
                0x10011ad8       0x14 CMakeFiles/bar_tracker.dir/C_/pico-sdk/lib/btstack/src/ble/sm.c.obj
                0x10011ad8                sm_add_event_handler
 .text.sm_init  0x10011aec      0x10c CMakeFiles/bar_tracker.dir/C_/pico-sdk/lib/btstack/src/ble/sm.c.obj
                0x10011aec                sm_init
 .text.sm_request_pairing
                0x10011bf8      0x100 CMakeFiles/bar_tracker.dir/C_/pico-sdk/lib/btstack/src/ble/sm.c.obj
                0x10011bf8                sm_request_pairing
 .text.sm_le_device_index
                0x10011cf8       0x18 CMakeFiles/bar_tracker.dir/C_/pico-sdk/lib/btstack/src/ble/sm.c.obj
                0x10011cf8                sm_le_device_index
 .text.gap_random_address_set_mode
                0x10011d10       0xa4 CMakeFiles/bar_tracker.dir/C_/pico-sdk/lib/btstack/src/ble/sm.c.obj
                0x10011d10                gap_random_address_set_mode
 .text.gap_random_address_set
                0x10011db4       0xc0 CMakeFiles/bar_tracker.dir/C_/pico-sdk/lib/btstack/src/ble/sm.c.obj
                0x10011db4                gap_random_address_set
 .text.sm_event_packet_handler
                0x10011e74      0x6a0 CMakeFiles/bar_tracker.dir/C_/pico-sdk/lib/btstack/src/ble/sm.c.obj
 .text.gap_advertisements_set_params
                0x10012514       0x1c CMakeFiles/bar_tracker.dir/C_/pico-sdk/lib/btstack/src/ble/sm.c.obj
                0x10012514                gap_advertisements_set_params
 .text.gap_reconnect_security_setup_active
                0x10012530       0x48 CMakeFiles/bar_tracker.dir/C_/pico-sdk/lib/btstack/src/ble/sm.c.obj
                0x10012530                gap_reconnect_security_setup_active
 .text.default_RNG
                0x10012578        0x4 CMakeFiles/bar_tracker.dir/C_/pico-sdk/lib/btstack/3rd-party/micro-ecc/uECC.c.obj
 .text.vli_mult
                0x1001257c      0x4cc CMakeFiles/bar_tracker.dir/C_/pico-sdk/lib/btstack/3rd-party/micro-ecc/uECC.c.obj
 .text.vli_mmod_fast
                0x10012a48      0x6fc CMakeFiles/bar_tracker.dir/C_/pico-sdk/lib/btstack/3rd-party/micro-ecc/uECC.c.obj
 .text.vli_modAdd.constprop.0
                0x10013144      0x178 CMakeFiles/bar_tracker.dir/C_/pico-sdk/lib/btstack/3rd-party/micro-ecc/uECC.c.obj
 .text.XYcZ_add
                0x100132bc      0x988 CMakeFiles/bar_tracker.dir/C_/pico-sdk/lib/btstack/3rd-party/micro-ecc/uECC.c.obj
 .text.XYcZ_addC
                0x10013c44      0xbdc CMakeFiles/bar_tracker.dir/C_/pico-sdk/lib/btstack/3rd-party/micro-ecc/uECC.c.obj
 .text.EccPoint_mult.constprop.0
                0x10014820     0x163c CMakeFiles/bar_tracker.dir/C_/pico-sdk/lib/btstack/3rd-party/micro-ecc/uECC.c.obj
 .text.EccPoint_compute_public_key
                0x10015e5c      0x2b4 CMakeFiles/bar_tracker.dir/C_/pico-sdk/lib/btstack/3rd-party/micro-ecc/uECC.c.obj
 .text.uECC_set_rng
                0x10016110        0xc CMakeFiles/bar_tracker.dir/C_/pico-sdk/lib/btstack/3rd-party/micro-ecc/uECC.c.obj
                0x10016110                uECC_set_rng
 .text.uECC_make_key
                0x1001611c      0x1fc CMakeFiles/bar_tracker.dir/C_/pico-sdk/lib/btstack/3rd-party/micro-ecc/uECC.c.obj
                0x1001611c                uECC_make_key
 .text.uECC_shared_secret
                0x10016318      0x578 CMakeFiles/bar_tracker.dir/C_/pico-sdk/lib/btstack/3rd-party/micro-ecc/uECC.c.obj
                0x10016318                uECC_shared_secret
 .text.rijndaelSetupEncrypt
                0x10016890      0x488 CMakeFiles/bar_tracker.dir/C_/pico-sdk/lib/btstack/3rd-party/rijndael/rijndael.c.obj